
===========================================================================
report_checks -path_delay min (Hold)
============================================================================
======================= Typical Corner ===================================

Startpoint: in_data[1023] (input port clocked by __VIRTUAL_CLK__)
Endpoint: out_code[1] (output port clocked by __VIRTUAL_CLK__)
Path Group: __VIRTUAL_CLK__
Path Type: min

Fanout     Cap    Slew   Delay    Time   Description
-----------------------------------------------------------------------------
                  0.00    0.00    0.00   clock __VIRTUAL_CLK__ (rise edge)
                          0.00    0.00   clock network delay (ideal)
                          8.00    8.00 ^ input external delay
                  0.04    0.03    8.03 ^ in_data[1023] (in)
     1    0.01                           in_data[1023] (net)
                  0.04    0.00    8.03 ^ input27/A (sky130_fd_sc_hd__buf_8)
                  0.22    0.18    8.21 ^ input27/X (sky130_fd_sc_hd__buf_8)
     5    0.13                           net27 (net)
                  0.25    0.06    8.27 ^ _3844_/B (sky130_fd_sc_hd__or4b_4)
                  0.04    0.18    8.45 ^ _3844_/X (sky130_fd_sc_hd__or4b_4)
     1    0.01                           _1626_ (net)
                  0.04    0.00    8.45 ^ _3845_/A (sky130_fd_sc_hd__buf_12)
                  0.15    0.16    8.62 ^ _3845_/X (sky130_fd_sc_hd__buf_12)
     2    0.12                           net1026 (net)
                  0.15    0.02    8.64 ^ output1026/A (sky130_fd_sc_hd__buf_8)
                  0.07    0.14    8.78 ^ output1026/X (sky130_fd_sc_hd__buf_8)
     1    0.03                           out_code[1] (net)
                  0.07    0.00    8.78 ^ out_code[1] (out)
                                  8.78   data arrival time

                  0.00    0.00    0.00   clock __VIRTUAL_CLK__ (rise edge)
                          0.00    0.00   clock network delay (ideal)
                          0.25    0.25   clock uncertainty
                          0.00    0.25   clock reconvergence pessimism
                         -8.00   -7.75   output external delay
                                 -7.75   data required time
-----------------------------------------------------------------------------
                                 -7.75   data required time
                                 -8.78   data arrival time
-----------------------------------------------------------------------------
                                 16.53   slack (MET)


Startpoint: in_data[766] (input port clocked by __VIRTUAL_CLK__)
Endpoint: out_code[0] (output port clocked by __VIRTUAL_CLK__)
Path Group: __VIRTUAL_CLK__
Path Type: min

Fanout     Cap    Slew   Delay    Time   Description
-----------------------------------------------------------------------------
                  0.00    0.00    0.00   clock __VIRTUAL_CLK__ (rise edge)
                          0.00    0.00   clock network delay (ideal)
                          8.00    8.00 ^ input external delay
                  0.03    0.02    8.02 ^ in_data[766] (in)
     1    0.01                           in_data[766] (net)
                  0.03    0.00    8.02 ^ input764/A (sky130_fd_sc_hd__clkbuf_8)
                  0.20    0.20    8.22 ^ input764/X (sky130_fd_sc_hd__clkbuf_8)
     6    0.12                           net764 (net)
                  0.22    0.05    8.27 ^ _2497_/A1 (sky130_fd_sc_hd__o21bai_1)
                  0.04    0.10    8.37 v _2497_/Y (sky130_fd_sc_hd__o21bai_1)
     1    0.00                           _0280_ (net)
                  0.04    0.00    8.37 v _2590_/A (sky130_fd_sc_hd__nand2_1)
                  0.11    0.10    8.47 ^ _2590_/Y (sky130_fd_sc_hd__nand2_1)
     1    0.01                           _0373_ (net)
                  0.11    0.00    8.47 ^ _3361_/A1 (sky130_fd_sc_hd__o21bai_4)
                  0.21    0.19    8.66 v _3361_/Y (sky130_fd_sc_hd__o21bai_4)
     2    0.08                           net1025 (net)
                  0.22    0.02    8.68 v output1025/A (sky130_fd_sc_hd__clkbuf_4)
                  0.08    0.25    8.93 v output1025/X (sky130_fd_sc_hd__clkbuf_4)
     1    0.03                           out_code[0] (net)
                  0.08    0.00    8.93 v out_code[0] (out)
                                  8.93   data arrival time

                  0.00    0.00    0.00   clock __VIRTUAL_CLK__ (rise edge)
                          0.00    0.00   clock network delay (ideal)
                          0.25    0.25   clock uncertainty
                          0.00    0.25   clock reconvergence pessimism
                         -8.00   -7.75   output external delay
                                 -7.75   data required time
-----------------------------------------------------------------------------
                                 -7.75   data required time
                                 -8.93   data arrival time
-----------------------------------------------------------------------------
                                 16.68   slack (MET)


Startpoint: in_data[1016] (input port clocked by __VIRTUAL_CLK__)
Endpoint: out_code[3] (output port clocked by __VIRTUAL_CLK__)
Path Group: __VIRTUAL_CLK__
Path Type: min

Fanout     Cap    Slew   Delay    Time   Description
-----------------------------------------------------------------------------
                  0.00    0.00    0.00   clock __VIRTUAL_CLK__ (rise edge)
                          0.00    0.00   clock network delay (ideal)
                          8.00    8.00 ^ input external delay
                  0.03    0.02    8.02 ^ in_data[1016] (in)
     1    0.01                           in_data[1016] (net)
                  0.03    0.00    8.02 ^ input19/A (sky130_fd_sc_hd__clkbuf_8)
                  0.17    0.19    8.21 ^ input19/X (sky130_fd_sc_hd__clkbuf_8)
     3    0.09                           net19 (net)
                  0.18    0.03    8.24 ^ _2508_/A (sky130_fd_sc_hd__or4_2)
                  0.08    0.19    8.43 ^ _2508_/X (sky130_fd_sc_hd__or4_2)
     4    0.01                           _0291_ (net)
                  0.08    0.00    8.43 ^ _4258_/A (sky130_fd_sc_hd__or4b_1)
                  0.06    0.12    8.55 ^ _4258_/X (sky130_fd_sc_hd__or4b_1)
     1    0.01                           _2038_ (net)
                  0.06    0.00    8.55 ^ _4259_/A (sky130_fd_sc_hd__clkbuf_8)
                  0.17    0.20    8.75 ^ _4259_/X (sky130_fd_sc_hd__clkbuf_8)
     1    0.10                           net1028 (net)
                  0.19    0.04    8.79 ^ output1028/A (sky130_fd_sc_hd__clkbuf_4)
                  0.11    0.22    9.01 ^ output1028/X (sky130_fd_sc_hd__clkbuf_4)
     1    0.03                           out_code[3] (net)
                  0.11    0.00    9.01 ^ out_code[3] (out)
                                  9.01   data arrival time

                  0.00    0.00    0.00   clock __VIRTUAL_CLK__ (rise edge)
                          0.00    0.00   clock network delay (ideal)
                          0.25    0.25   clock uncertainty
                          0.00    0.25   clock reconvergence pessimism
                         -8.00   -7.75   output external delay
                                 -7.75   data required time
-----------------------------------------------------------------------------
                                 -7.75   data required time
                                 -9.01   data arrival time
-----------------------------------------------------------------------------
                                 16.76   slack (MET)


Startpoint: in_data[1013] (input port clocked by __VIRTUAL_CLK__)
Endpoint: out_code[4] (output port clocked by __VIRTUAL_CLK__)
Path Group: __VIRTUAL_CLK__
Path Type: min

Fanout     Cap    Slew   Delay    Time   Description
-----------------------------------------------------------------------------
                  0.00    0.00    0.00   clock __VIRTUAL_CLK__ (rise edge)
                          0.00    0.00   clock network delay (ideal)
                          8.00    8.00 ^ input external delay
                  0.04    0.03    8.03 ^ in_data[1013] (in)
     1    0.01                           in_data[1013] (net)
                  0.04    0.00    8.03 ^ input16/A (sky130_fd_sc_hd__buf_8)
                  0.25    0.19    8.21 ^ input16/X (sky130_fd_sc_hd__buf_8)
     4    0.16                           net16 (net)
                  0.32    0.09    8.31 ^ _2505_/B (sky130_fd_sc_hd__or4_2)
                  0.10    0.23    8.54 ^ _2505_/X (sky130_fd_sc_hd__or4_2)
     4    0.02                           _0288_ (net)
                  0.10    0.00    8.54 ^ _4358_/A (sky130_fd_sc_hd__or4b_1)
                  0.06    0.13    8.67 ^ _4358_/X (sky130_fd_sc_hd__or4b_1)
     1    0.01                           _2137_ (net)
                  0.06    0.00    8.67 ^ _4359_/A (sky130_fd_sc_hd__clkbuf_8)
                  0.15    0.19    8.86 ^ _4359_/X (sky130_fd_sc_hd__clkbuf_8)
     1    0.09                           net1029 (net)
                  0.16    0.03    8.89 ^ output1029/A (sky130_fd_sc_hd__clkbuf_4)
                  0.11    0.22    9.11 ^ output1029/X (sky130_fd_sc_hd__clkbuf_4)
     1    0.03                           out_code[4] (net)
                  0.11    0.00    9.11 ^ out_code[4] (out)
                                  9.11   data arrival time

                  0.00    0.00    0.00   clock __VIRTUAL_CLK__ (rise edge)
                          0.00    0.00   clock network delay (ideal)
                          0.25    0.25   clock uncertainty
                          0.00    0.25   clock reconvergence pessimism
                         -8.00   -7.75   output external delay
                                 -7.75   data required time
-----------------------------------------------------------------------------
                                 -7.75   data required time
                                 -9.11   data arrival time
-----------------------------------------------------------------------------
                                 16.86   slack (MET)


Startpoint: in_data[1023] (input port clocked by __VIRTUAL_CLK__)
Endpoint: out_code[2] (output port clocked by __VIRTUAL_CLK__)
Path Group: __VIRTUAL_CLK__
Path Type: min

Fanout     Cap    Slew   Delay    Time   Description
-----------------------------------------------------------------------------
                  0.00    0.00    0.00   clock __VIRTUAL_CLK__ (rise edge)
                          0.00    0.00   clock network delay (ideal)
                          8.00    8.00 ^ input external delay
                  0.04    0.03    8.03 ^ in_data[1023] (in)
     1    0.01                           in_data[1023] (net)
                  0.04    0.00    8.03 ^ input27/A (sky130_fd_sc_hd__buf_8)
                  0.22    0.18    8.21 ^ input27/X (sky130_fd_sc_hd__buf_8)
     5    0.13                           net27 (net)
                  0.25    0.06    8.27 ^ _3846_/D (sky130_fd_sc_hd__or4_1)
                  0.08    0.17    8.44 ^ _3846_/X (sky130_fd_sc_hd__or4_1)
     3    0.01                           _1627_ (net)
                  0.08    0.00    8.44 ^ _4138_/A (sky130_fd_sc_hd__or3_1)
                  0.18    0.20    8.64 ^ _4138_/X (sky130_fd_sc_hd__or3_1)
     1    0.02                           _1919_ (net)
                  0.18    0.00    8.64 ^ _4139_/A (sky130_fd_sc_hd__buf_4)
                  0.23    0.26    8.90 ^ _4139_/X (sky130_fd_sc_hd__buf_4)
     1    0.08                           net1027 (net)
                  0.24    0.03    8.93 ^ output1027/A (sky130_fd_sc_hd__clkbuf_4)
                  0.11    0.24    9.17 ^ output1027/X (sky130_fd_sc_hd__clkbuf_4)
     1    0.03                           out_code[2] (net)
                  0.11    0.00    9.17 ^ out_code[2] (out)
                                  9.17   data arrival time

                  0.00    0.00    0.00   clock __VIRTUAL_CLK__ (rise edge)
                          0.00    0.00   clock network delay (ideal)
                          0.25    0.25   clock uncertainty
                          0.00    0.25   clock reconvergence pessimism
                         -8.00   -7.75   output external delay
                                 -7.75   data required time
-----------------------------------------------------------------------------
                                 -7.75   data required time
                                 -9.17   data arrival time
-----------------------------------------------------------------------------
                                 16.92   slack (MET)


Startpoint: in_data[1007] (input port clocked by __VIRTUAL_CLK__)
Endpoint: out_code[5] (output port clocked by __VIRTUAL_CLK__)
Path Group: __VIRTUAL_CLK__
Path Type: min

Fanout     Cap    Slew   Delay    Time   Description
-----------------------------------------------------------------------------
                  0.00    0.00    0.00   clock __VIRTUAL_CLK__ (rise edge)
                          0.00    0.00   clock network delay (ideal)
                          8.00    8.00 ^ input external delay
                  0.04    0.03    8.03 ^ in_data[1007] (in)
     1    0.01                           in_data[1007] (net)
                  0.04    0.00    8.03 ^ input9/A (sky130_fd_sc_hd__clkbuf_16)
                  0.21    0.23    8.26 ^ input9/X (sky130_fd_sc_hd__clkbuf_16)
     5    0.20                           net9 (net)
                  0.22    0.03    8.29 ^ _4397_/B (sky130_fd_sc_hd__or4_1)
                  0.06    0.16    8.44 ^ _4397_/X (sky130_fd_sc_hd__or4_1)
     1    0.01                           _2175_ (net)
                  0.06    0.00    8.44 ^ _4404_/C (sky130_fd_sc_hd__or4b_1)
                  0.09    0.13    8.58 ^ _4404_/X (sky130_fd_sc_hd__or4b_1)
     1    0.01                           _2182_ (net)
                  0.09    0.00    8.58 ^ _4405_/A (sky130_fd_sc_hd__buf_8)
                  0.34    0.25    8.83 ^ _4405_/X (sky130_fd_sc_hd__buf_8)
    21    0.22                           net1030 (net)
                  0.42    0.12    8.95 ^ output1030/A (sky130_fd_sc_hd__clkbuf_4)
                  0.12    0.28    9.23 ^ output1030/X (sky130_fd_sc_hd__clkbuf_4)
     1    0.03                           out_code[5] (net)
                  0.12    0.00    9.23 ^ out_code[5] (out)
                                  9.23   data arrival time

                  0.00    0.00    0.00   clock __VIRTUAL_CLK__ (rise edge)
                          0.00    0.00   clock network delay (ideal)
                          0.25    0.25   clock uncertainty
                          0.00    0.25   clock reconvergence pessimism
                         -8.00   -7.75   output external delay
                                 -7.75   data required time
-----------------------------------------------------------------------------
                                 -7.75   data required time
                                 -9.23   data arrival time
-----------------------------------------------------------------------------
                                 16.98   slack (MET)


Startpoint: in_data[1007] (input port clocked by __VIRTUAL_CLK__)
Endpoint: out_code[7] (output port clocked by __VIRTUAL_CLK__)
Path Group: __VIRTUAL_CLK__
Path Type: min

Fanout     Cap    Slew   Delay    Time   Description
-----------------------------------------------------------------------------
                  0.00    0.00    0.00   clock __VIRTUAL_CLK__ (rise edge)
                          0.00    0.00   clock network delay (ideal)
                          8.00    8.00 ^ input external delay
                  0.04    0.03    8.03 ^ in_data[1007] (in)
     1    0.01                           in_data[1007] (net)
                  0.04    0.00    8.03 ^ input9/A (sky130_fd_sc_hd__clkbuf_16)
                  0.21    0.23    8.26 ^ input9/X (sky130_fd_sc_hd__clkbuf_16)
     5    0.20                           net9 (net)
                  0.22    0.03    8.29 ^ _2507_/B (sky130_fd_sc_hd__or4_1)
                  0.09    0.18    8.47 ^ _2507_/X (sky130_fd_sc_hd__or4_1)
     3    0.01                           _0290_ (net)
                  0.09    0.00    8.47 ^ _4438_/A (sky130_fd_sc_hd__or3_1)
                  0.04    0.11    8.57 ^ _4438_/X (sky130_fd_sc_hd__or3_1)
     1    0.00                           _2214_ (net)
                  0.04    0.00    8.57 ^ _4439_/C (sky130_fd_sc_hd__or4b_4)
                  0.13    0.18    8.75 ^ _4439_/X (sky130_fd_sc_hd__or4b_4)
     1    0.04                           _2215_ (net)
                  0.13    0.01    8.75 ^ _4440_/A (sky130_fd_sc_hd__clkbuf_4)
                  0.18    0.24    9.00 ^ _4440_/X (sky130_fd_sc_hd__clkbuf_4)
     1    0.06                           net1032 (net)
                  0.18    0.02    9.02 ^ output1032/A (sky130_fd_sc_hd__clkbuf_4)
                  0.11    0.22    9.24 ^ output1032/X (sky130_fd_sc_hd__clkbuf_4)
     1    0.03                           out_code[7] (net)
                  0.11    0.00    9.24 ^ out_code[7] (out)
                                  9.24   data arrival time

                  0.00    0.00    0.00   clock __VIRTUAL_CLK__ (rise edge)
                          0.00    0.00   clock network delay (ideal)
                          0.25    0.25   clock uncertainty
                          0.00    0.25   clock reconvergence pessimism
                         -8.00   -7.75   output external delay
                                 -7.75   data required time
-----------------------------------------------------------------------------
                                 -7.75   data required time
                                 -9.24   data arrival time
-----------------------------------------------------------------------------
                                 16.99   slack (MET)


Startpoint: in_data[950] (input port clocked by __VIRTUAL_CLK__)
Endpoint: out_code[6] (output port clocked by __VIRTUAL_CLK__)
Path Group: __VIRTUAL_CLK__
Path Type: min

Fanout     Cap    Slew   Delay    Time   Description
-----------------------------------------------------------------------------
                  0.00    0.00    0.00   clock __VIRTUAL_CLK__ (rise edge)
                          0.00    0.00   clock network delay (ideal)
                          8.00    8.00 ^ input external delay
                  0.03    0.02    8.02 ^ in_data[950] (in)
     1    0.01                           in_data[950] (net)
                  0.03    0.00    8.02 ^ input969/A (sky130_fd_sc_hd__buf_6)
                  0.23    0.21    8.23 ^ input969/X (sky130_fd_sc_hd__buf_6)
     5    0.11                           net969 (net)
                  0.23    0.01    8.24 ^ _3809_/A (sky130_fd_sc_hd__nor2_1)
                  0.07    0.10    8.34 v _3809_/Y (sky130_fd_sc_hd__nor2_1)
     2    0.01                           _1591_ (net)
                  0.07    0.00    8.34 v _4353_/B (sky130_fd_sc_hd__nand4b_1)
                  0.08    0.11    8.45 ^ _4353_/Y (sky130_fd_sc_hd__nand4b_1)
     2    0.01                           _2132_ (net)
                  0.08    0.00    8.45 ^ _4402_/A (sky130_fd_sc_hd__nor2_1)
                  0.08    0.09    8.54 v _4402_/Y (sky130_fd_sc_hd__nor2_1)
     2    0.02                           _2180_ (net)
                  0.08    0.00    8.54 v _4426_/A1 (sky130_fd_sc_hd__a311o_4)
                  0.22    0.46    9.00 v _4426_/X (sky130_fd_sc_hd__a311o_4)
     1    0.15                           net1031 (net)
                  0.27    0.07    9.07 v output1031/A (sky130_fd_sc_hd__clkbuf_4)
                  0.08    0.27    9.34 v output1031/X (sky130_fd_sc_hd__clkbuf_4)
     1    0.03                           out_code[6] (net)
                  0.08    0.00    9.34 v out_code[6] (out)
                                  9.34   data arrival time

                  0.00    0.00    0.00   clock __VIRTUAL_CLK__ (rise edge)
                          0.00    0.00   clock network delay (ideal)
                          0.25    0.25   clock uncertainty
                          0.00    0.25   clock reconvergence pessimism
                         -8.00   -7.75   output external delay
                                 -7.75   data required time
-----------------------------------------------------------------------------
                                 -7.75   data required time
                                 -9.34   data arrival time
-----------------------------------------------------------------------------
                                 17.09   slack (MET)


Startpoint: in_data[780] (input port clocked by __VIRTUAL_CLK__)
Endpoint: out_code[9] (output port clocked by __VIRTUAL_CLK__)
Path Group: __VIRTUAL_CLK__
Path Type: min

Fanout     Cap    Slew   Delay    Time   Description
-----------------------------------------------------------------------------
                  0.00    0.00    0.00   clock __VIRTUAL_CLK__ (rise edge)
                          0.00    0.00   clock network delay (ideal)
                          8.00    8.00 ^ input external delay
                  0.04    0.03    8.03 ^ in_data[780] (in)
     1    0.01                           in_data[780] (net)
                  0.04    0.00    8.03 ^ input780/A (sky130_fd_sc_hd__buf_8)
                  0.20    0.17    8.20 ^ input780/X (sky130_fd_sc_hd__buf_8)
     5    0.12                           net780 (net)
                  0.23    0.06    8.26 ^ _2533_/A (sky130_fd_sc_hd__or4_1)
                  0.03    0.14    8.40 ^ _2533_/X (sky130_fd_sc_hd__or4_1)
     1    0.00                           _0316_ (net)
                  0.03    0.00    8.40 ^ _2534_/D (sky130_fd_sc_hd__or4_1)
                  0.04    0.08    8.48 ^ _2534_/X (sky130_fd_sc_hd__or4_1)
     1    0.00                           _0317_ (net)
                  0.04    0.00    8.48 ^ _2553_/C (sky130_fd_sc_hd__or4_2)
                  0.09    0.14    8.62 ^ _2553_/X (sky130_fd_sc_hd__or4_2)
     2    0.02                           _0336_ (net)
                  0.09    0.00    8.62 ^ _4442_/C (sky130_fd_sc_hd__or4_1)
                  0.08    0.14    8.76 ^ _4442_/X (sky130_fd_sc_hd__or4_1)
     1    0.01                           _2216_ (net)
                  0.08    0.00    8.76 ^ _4443_/A (sky130_fd_sc_hd__buf_8)
                  0.30    0.23    8.99 ^ _4443_/X (sky130_fd_sc_hd__buf_8)
    18    0.19                           net1034 (net)
                  0.37    0.10    9.09 ^ output1034/A (sky130_fd_sc_hd__clkbuf_4)
                  0.12    0.27    9.36 ^ output1034/X (sky130_fd_sc_hd__clkbuf_4)
     1    0.03                           out_code[9] (net)
                  0.12    0.00    9.36 ^ out_code[9] (out)
                                  9.36   data arrival time

                  0.00    0.00    0.00   clock __VIRTUAL_CLK__ (rise edge)
                          0.00    0.00   clock network delay (ideal)
                          0.25    0.25   clock uncertainty
                          0.00    0.25   clock reconvergence pessimism
                         -8.00   -7.75   output external delay
                                 -7.75   data required time
-----------------------------------------------------------------------------
                                 -7.75   data required time
                                 -9.36   data arrival time
-----------------------------------------------------------------------------
                                 17.11   slack (MET)


Startpoint: in_data[195] (input port clocked by __VIRTUAL_CLK__)
Endpoint: valid (output port clocked by __VIRTUAL_CLK__)
Path Group: __VIRTUAL_CLK__
Path Type: min

Fanout     Cap    Slew   Delay    Time   Description
-----------------------------------------------------------------------------
                  0.00    0.00    0.00   clock __VIRTUAL_CLK__ (rise edge)
                          0.00    0.00   clock network delay (ideal)
                          8.00    8.00 ^ input external delay
                  0.02    0.01    8.01 ^ in_data[195] (in)
     1    0.00                           in_data[195] (net)
                  0.02    0.00    8.01 ^ input130/A (sky130_fd_sc_hd__buf_4)
                  0.20    0.19    8.21 ^ input130/X (sky130_fd_sc_hd__buf_4)
     3    0.07                           net130 (net)
                  0.20    0.02    8.23 ^ _2796_/B (sky130_fd_sc_hd__nor2_1)
                  0.09    0.11    8.34 v _2796_/Y (sky130_fd_sc_hd__nor2_1)
     2    0.01                           _0579_ (net)
                  0.09    0.00    8.35 v _2802_/C (sky130_fd_sc_hd__nand4b_1)
                  0.05    0.10    8.44 ^ _2802_/Y (sky130_fd_sc_hd__nand4b_1)
     1    0.00                           _0585_ (net)
                  0.05    0.00    8.44 ^ _2808_/C (sky130_fd_sc_hd__or4_1)
                  0.05    0.10    8.54 ^ _2808_/X (sky130_fd_sc_hd__or4_1)
     1    0.00                           _0591_ (net)
                  0.05    0.00    8.54 ^ _2882_/A (sky130_fd_sc_hd__nor3_1)
                  0.04    0.05    8.60 v _2882_/Y (sky130_fd_sc_hd__nor3_1)
     1    0.01                           _0665_ (net)
                  0.04    0.00    8.60 v wire1038/A (sky130_fd_sc_hd__clkbuf_2)
                  0.12    0.16    8.76 v wire1038/X (sky130_fd_sc_hd__clkbuf_2)
     2    0.03                           net1038 (net)
                  0.12    0.00    8.77 v _4444_/A (sky130_fd_sc_hd__nand4_4)
                  0.42    0.32    9.09 ^ _4444_/Y (sky130_fd_sc_hd__nand4_4)
    21    0.14                           net1035 (net)
                  0.43    0.05    9.14 ^ output1035/A (sky130_fd_sc_hd__buf_2)
                  0.17    0.28    9.42 ^ output1035/X (sky130_fd_sc_hd__buf_2)
     1    0.03                           valid (net)
                  0.17    0.00    9.42 ^ valid (out)
                                  9.42   data arrival time

                  0.00    0.00    0.00   clock __VIRTUAL_CLK__ (rise edge)
                          0.00    0.00   clock network delay (ideal)
                          0.25    0.25   clock uncertainty
                          0.00    0.25   clock reconvergence pessimism
                         -8.00   -7.75   output external delay
                                 -7.75   data required time
-----------------------------------------------------------------------------
                                 -7.75   data required time
                                 -9.42   data arrival time
-----------------------------------------------------------------------------
                                 17.17   slack (MET)


Startpoint: in_data[780] (input port clocked by __VIRTUAL_CLK__)
Endpoint: out_code[8] (output port clocked by __VIRTUAL_CLK__)
Path Group: __VIRTUAL_CLK__
Path Type: min

Fanout     Cap    Slew   Delay    Time   Description
-----------------------------------------------------------------------------
                  0.00    0.00    0.00   clock __VIRTUAL_CLK__ (rise edge)
                          0.00    0.00   clock network delay (ideal)
                          8.00    8.00 ^ input external delay
                  0.04    0.03    8.03 ^ in_data[780] (in)
     1    0.01                           in_data[780] (net)
                  0.04    0.00    8.03 ^ input780/A (sky130_fd_sc_hd__buf_8)
                  0.20    0.17    8.20 ^ input780/X (sky130_fd_sc_hd__buf_8)
     5    0.12                           net780 (net)
                  0.23    0.06    8.26 ^ _2533_/A (sky130_fd_sc_hd__or4_1)
                  0.03    0.14    8.40 ^ _2533_/X (sky130_fd_sc_hd__or4_1)
     1    0.00                           _0316_ (net)
                  0.03    0.00    8.40 ^ _2534_/D (sky130_fd_sc_hd__or4_1)
                  0.04    0.08    8.48 ^ _2534_/X (sky130_fd_sc_hd__or4_1)
     1    0.00                           _0317_ (net)
                  0.04    0.00    8.48 ^ _2553_/C (sky130_fd_sc_hd__or4_2)
                  0.09    0.14    8.62 ^ _2553_/X (sky130_fd_sc_hd__or4_2)
     2    0.02                           _0336_ (net)
                  0.09    0.00    8.62 ^ _2588_/B (sky130_fd_sc_hd__nor3_2)
                  0.07    0.09    8.71 v _2588_/Y (sky130_fd_sc_hd__nor3_2)
     5    0.03                           _0371_ (net)
                  0.07    0.00    8.71 v _2589_/A (sky130_fd_sc_hd__clkbuf_4)
                  0.09    0.20    8.90 v _2589_/X (sky130_fd_sc_hd__clkbuf_4)
     6    0.04                           _0372_ (net)
                  0.09    0.00    8.90 v _4441_/B1 (sky130_fd_sc_hd__o21ai_4)
                  0.22    0.19    9.09 ^ _4441_/Y (sky130_fd_sc_hd__o21ai_4)
     1    0.06                           net1033 (net)
                  0.22    0.01    9.10 ^ wire1037/A (sky130_fd_sc_hd__buf_6)
                  0.14    0.20    9.30 ^ wire1037/X (sky130_fd_sc_hd__buf_6)
     1    0.07                           net1037 (net)
                  0.15    0.02    9.32 ^ output1033/A (sky130_fd_sc_hd__clkbuf_4)
                  0.11    0.21    9.53 ^ output1033/X (sky130_fd_sc_hd__clkbuf_4)
     1    0.03                           out_code[8] (net)
                  0.11    0.00    9.53 ^ out_code[8] (out)
                                  9.53   data arrival time

                  0.00    0.00    0.00   clock __VIRTUAL_CLK__ (rise edge)
                          0.00    0.00   clock network delay (ideal)
                          0.25    0.25   clock uncertainty
                          0.00    0.25   clock reconvergence pessimism
                         -8.00   -7.75   output external delay
                                 -7.75   data required time
-----------------------------------------------------------------------------
                                 -7.75   data required time
                                 -9.53   data arrival time
-----------------------------------------------------------------------------
                                 17.28   slack (MET)



