Partial/Required:  9.29, Required:    400.0, Partial:  3717.44, Net: net179, Pin: _2847_/D, Layer: met1
Partial/Required:  8.65, Required:    400.0, Partial:  3460.44, Net: net777, Pin: _2536_/C, Layer: met1
Partial/Required:  8.33, Required:    400.0, Partial:  3332.78, Net: net117, Pin: _2815_/D, Layer: met1
Partial/Required:  8.11, Required:    400.0, Partial:  3242.11, Net: net930, Pin: _2562_/A, Layer: met1
Partial/Required:  7.84, Required:    400.0, Partial:  3134.22, Net: net579, Pin: _2840_/B, Layer: met1
Partial/Required:  7.76, Required:    400.0, Partial:   3103.0, Net: net1001, Pin: _2865_/C, Layer: met1
Partial/Required:  7.58, Required:    400.0, Partial:   3033.0, Net: net539, Pin: _2304_/B1_N, Layer: met1
Partial/Required:  7.38, Required:    400.0, Partial:  2953.22, Net: net432, Pin: _3144_/B1_N, Layer: met1
Partial/Required:  7.33, Required:    400.0, Partial:   2932.0, Net: net419, Pin: _3138_/B1_N, Layer: met1
Partial/Required:  7.13, Required:    400.0, Partial:  2853.56, Net: net140, Pin: _2755_/B1_N, Layer: met1
Partial/Required:  6.67, Required:    400.0, Partial:  2666.44, Net: net86, Pin: _4067_/D, Layer: met1
Partial/Required:  6.22, Required:    400.0, Partial:  2489.33, Net: net746, Pin: _4074_/C, Layer: met1
Partial/Required:  5.32, Required:    400.0, Partial:  2127.56, Net: net958, Pin: _2509_/A, Layer: met1
Partial/Required:  5.25, Required:    400.0, Partial:  2101.22, Net: net180, Pin: _2665_/B1_N, Layer: met1
Partial/Required:  5.11, Required:    400.0, Partial:  2043.44, Net: net128, Pin: _4119_/B, Layer: met1
Partial/Required:  4.74, Required:    400.0, Partial:  1895.22, Net: net899, Pin: _2521_/C, Layer: met1
Partial/Required:  4.68, Required:    400.0, Partial:  1872.04, Net: net970, Pin: _3809_/B, Layer: met1
Partial/Required:  4.55, Required:    400.0, Partial:  1819.04, Net: net740, Pin: _3475_/A, Layer: met1
Partial/Required:  4.45, Required:    400.0, Partial:  1780.67, Net: net901, Pin: _2837_/C, Layer: met1
Partial/Required:  4.39, Required:    400.0, Partial:  1755.85, Net: net775, Pin: _3722_/A, Layer: met1
Partial/Required:  4.36, Required:    400.0, Partial:  1744.44, Net: net624, Pin: _2835_/B, Layer: met1
Partial/Required:  4.27, Required:    400.0, Partial:  1709.81, Net: net769, Pin: _3721_/A1, Layer: met1
Partial/Required:  4.26, Required:    400.0, Partial:  1702.74, Net: net818, Pin: _3741_/A, Layer: met1
Partial/Required:  4.13, Required:    400.0, Partial:  1651.15, Net: net997, Pin: _3820_/A, Layer: met1
Partial/Required:  4.05, Required:    400.0, Partial:  1620.95, Net: net989, Pin: _3816_/B, Layer: met1
Partial/Required:  3.99, Required:    400.0, Partial:  1597.92, Net: net982, Pin: _3330_/A1, Layer: met1
Partial/Required:  3.91, Required:    400.0, Partial:   1562.8, Net: net964, Pin: _3807_/A, Layer: met1
Partial/Required:  3.86, Required:    400.0, Partial:   1544.3, Net: net621, Pin: _3422_/B, Layer: met1
Partial/Required:  3.86, Required:    400.0, Partial:  1542.38, Net: net11, Pin: _3836_/B, Layer: met1
Partial/Required:  3.78, Required:    400.0, Partial:  1512.57, Net: net745, Pin: _2397_/B1, Layer: met1
Partial/Required:  3.72, Required:    400.0, Partial:  1488.19, Net: net425, Pin: _3693_/C1, Layer: met1
Partial/Required:  3.65, Required:    400.0, Partial:   1461.2, Net: net938, Pin: _3795_/A, Layer: met1
Partial/Required:  3.58, Required:    400.0, Partial:  1430.44, Net: net2, Pin: _3912_/A, Layer: met1
Partial/Required:  3.51, Required:    400.0, Partial:  1405.15, Net: net452, Pin: _3704_/B, Layer: met1
Partial/Required:  3.45, Required:    400.0, Partial:  1379.35, Net: net780, Pin: _3724_/A, Layer: met1
Partial/Required:  3.26, Required:    400.0, Partial:  1303.89, Net: net505, Pin: _3931_/A, Layer: met1
Partial/Required:  3.24, Required:    400.0, Partial:  1297.11, Net: net406, Pin: _3132_/B1_N, Layer: met1
Partial/Required:  3.16, Required:    400.0, Partial:  1263.22, Net: net1037, Pin: output1033/A, Layer: met1
Partial/Required:  3.09, Required:    400.0, Partial:  1235.11, Net: net632, Pin: _2346_/B1_N, Layer: met1
Partial/Required:  3.04, Required:    400.0, Partial:  1215.22, Net: net772, Pin: _3235_/B1_N, Layer: met1
Partial/Required:  3.02, Required:    400.0, Partial:  1206.78, Net: net246, Pin: _2831_/B, Layer: met1
Partial/Required:  2.96, Required:    400.0, Partial:  1183.53, Net: net732, Pin: _2427_/B, Layer: met1
Partial/Required:  2.96, Required:    400.0, Partial:  1183.53, Net: net732, Pin: _3471_/B, Layer: met1
Partial/Required:  2.89, Required:    400.0, Partial:  1155.58, Net: net749, Pin: _3479_/B1, Layer: met1
Partial/Required:  2.84, Required:    400.0, Partial:  1136.12, Net: net755, Pin: _3483_/A1, Layer: met1
Partial/Required:  2.79, Required:    400.0, Partial:  1114.67, Net: net837, Pin: _3264_/B1_N, Layer: met1
Partial/Required:  2.76, Required:    400.0, Partial:  1102.69, Net: net291, Pin: _2670_/B1, Layer: met1
Partial/Required:  2.75, Required:    400.0, Partial:  1100.44, Net: net616, Pin: _2436_/C, Layer: met1
Partial/Required:  2.72, Required:    400.0, Partial:  1086.44, Net: net819, Pin: _2521_/B, Layer: met1
Partial/Required:  2.66, Required:    400.0, Partial:  1063.78, Net: net55, Pin: _2717_/B1_N, Layer: met1
Partial/Required:  2.66, Required:    400.0, Partial:  1063.78, Net: net55, Pin: _2799_/B, Layer: met1
Partial/Required:  2.60, Required:    400.0, Partial:  1040.24, Net: net538, Pin: _2304_/A1, Layer: met1
Partial/Required:  2.57, Required:    400.0, Partial:  1028.11, Net: net410, Pin: _3134_/B1_N, Layer: met1
Partial/Required:  2.40, Required:    400.0, Partial:   958.28, Net: net162, Pin: _2765_/B1_N, Layer: met1
Partial/Required:  2.40, Required:    400.0, Partial:   958.28, Net: net162, Pin: _2826_/D, Layer: met1
Partial/Required:  2.36, Required:    400.0, Partial:   942.67, Net: net960, Pin: _3805_/A, Layer: met1
Partial/Required:  2.29, Required:    400.0, Partial:    916.0, Net: net93, Pin: _4066_/B, Layer: met1
Partial/Required:  2.29, Required:    400.0, Partial:    916.0, Net: net93, Pin: _3555_/B, Layer: met1
Partial/Required:  2.25, Required:    400.0, Partial:   899.79, Net: net770, Pin: _3721_/A2, Layer: met1
Partial/Required:  2.22, Required:    400.0, Partial:   888.87, Net: net812, Pin: _3253_/B1, Layer: met1
Partial/Required:  2.15, Required:    400.0, Partial:   860.79, Net: net902, Pin: _3779_/C1, Layer: met1
Partial/Required:  2.15, Required:    400.0, Partial:   860.79, Net: net902, Pin: _3294_/A1, Layer: met1
Partial/Required:  2.11, Required:    400.0, Partial:   842.11, Net: net995, Pin: _2506_/D, Layer: met1
Partial/Required:  2.10, Required:    400.0, Partial:   840.54, Net: net598, Pin: _2254_/A, Layer: met1
Partial/Required:  2.08, Required:    400.0, Partial:   833.55, Net: net447, Pin: _3702_/A, Layer: met1
Partial/Required:  2.08, Required:    400.0, Partial:   832.78, Net: net526, Pin: _2298_/B1_N, Layer: met1
Partial/Required:  2.08, Required:    400.0, Partial:   832.02, Net: net878, Pin: _3283_/B1, Layer: met1
Partial/Required:  2.08, Required:    400.0, Partial:   832.02, Net: net878, Pin: _2580_/B, Layer: met1
Partial/Required:  2.03, Required:    400.0, Partial:   811.32, Net: net10, Pin: _3175_/A, Layer: met1
Partial/Required:  2.02, Required:    400.0, Partial:   808.61, Net: net981, Pin: _3329_/B1, Layer: met1
Partial/Required:  2.02, Required:    400.0, Partial:   808.61, Net: net981, Pin: _3812_/B, Layer: met1
Partial/Required:  2.01, Required:    400.0, Partial:   805.72, Net: net502, Pin: _4088_/A, Layer: met1
Partial/Required:  1.91, Required:    400.0, Partial:   762.33, Net: net163, Pin: _4226_/A, Layer: met1
Partial/Required:  1.90, Required:    400.0, Partial:   760.92, Net: net158, Pin: _2845_/B, Layer: met1
Partial/Required:  1.90, Required:    400.0, Partial:   760.92, Net: net158, Pin: _3494_/A2, Layer: met1
Partial/Required:  1.87, Required:    400.0, Partial:   749.33, Net: net553, Pin: _2264_/A, Layer: met1
Partial/Required:  1.80, Required:    400.0, Partial:   721.22, Net: net167, Pin: _4064_/A, Layer: met1
Partial/Required:  1.76, Required:    400.0, Partial:   704.86, Net: net954, Pin: _3802_/C1, Layer: met1
Partial/Required:  1.76, Required:    400.0, Partial:   703.73, Net: net805, Pin: _3737_/A1, Layer: met1
Partial/Required:  1.74, Required:    400.0, Partial:   696.55, Net: net491, Pin: _2679_/B1_N, Layer: met1
Partial/Required:  1.74, Required:    400.0, Partial:   696.55, Net: net491, Pin: _2786_/B, Layer: met1
Partial/Required:  1.74, Required:    400.0, Partial:   696.55, Net: net491, Pin: _3506_/B, Layer: met1
Partial/Required:  1.70, Required:    400.0, Partial:   681.22, Net: net622, Pin: _2342_/A1, Layer: met1
Partial/Required:  1.70, Required:    400.0, Partial:   679.81, Net: net212, Pin: _3602_/A2, Layer: met1
Partial/Required:  1.68, Required:    400.0, Partial:   672.79, Net: net691, Pin: _3487_/B1, Layer: met1
Partial/Required:  1.68, Required:    400.0, Partial:   672.79, Net: net691, Pin: _2657_/A1, Layer: met1
Partial/Required:  1.68, Required:    400.0, Partial:   672.79, Net: net691, Pin: _4080_/C, Layer: met1
Partial/Required:  1.67, Required:    400.0, Partial:    668.0, Net: net605, Pin: _2441_/C, Layer: met2
Partial/Required:  1.58, Required:    400.0, Partial:   632.63, Net: net787, Pin: _3729_/A2, Layer: met1
Partial/Required:  1.56, Required:    400.0, Partial:   622.56, Net: net626, Pin: _2423_/D, Layer: met1
Partial/Required:  1.55, Required:    400.0, Partial:   618.12, Net: net418, Pin: _3138_/A1, Layer: met1
Partial/Required:  1.55, Required:    400.0, Partial:   618.12, Net: net418, Pin: _3690_/A, Layer: met1
Partial/Required:  1.55, Required:    400.0, Partial:   618.12, Net: net418, Pin: _3996_/C, Layer: met1
Partial/Required:  1.47, Required:    400.0, Partial:   589.47, Net: net30, Pin: _2628_/A, Layer: met1
Partial/Required:  1.45, Required:    400.0, Partial:   580.65, Net: net870, Pin: _3880_/B, Layer: met1
Partial/Required:  1.44, Required:    400.0, Partial:   576.57, Net: net8, Pin: _3352_/A1, Layer: met1
Partial/Required:  1.42, Required:    400.0, Partial:    567.0, Net: net932, Pin: _2554_/B, Layer: met1
Partial/Required:  1.40, Required:    400.0, Partial:   558.44, Net: net441, Pin: _3148_/B1_N, Layer: met1
Partial/Required:  1.39, Required:    400.0, Partial:   557.62, Net: net48, Pin: _2818_/D, Layer: met1
Partial/Required:  1.39, Required:    400.0, Partial:   556.89, Net: net549, Pin: _2442_/C, Layer: met2
Partial/Required:  1.38, Required:    400.0, Partial:   551.42, Net: net134, Pin: _2753_/B1_N, Layer: met1
Partial/Required:  1.38, Required:    400.0, Partial:   551.42, Net: net134, Pin: _3571_/B, Layer: met1
Partial/Required:  1.36, Required:    400.0, Partial:   542.33, Net: net854, Pin: _3272_/B1_N, Layer: met1
Partial/Required:  1.35, Required:   3134.6, Partial:   4217.5, Net: net602, Pin: _4090_/B, Layer: met2
Partial/Required:  1.31, Required:   3134.6, Partial:  4090.94, Net: net974, Pin: _2510_/B, Layer: met2
Partial/Required:  1.30, Required:    400.0, Partial:   518.08, Net: net169, Pin: _2665_/A1, Layer: met1
Partial/Required:  1.29, Required:   3134.6, Partial:  4049.83, Net: net657, Pin: _2805_/A, Layer: met2
Partial/Required:  1.28, Required:    400.0, Partial:   512.54, Net: net794, Pin: _3245_/B1, Layer: met1
Partial/Required:  1.27, Required:    400.0, Partial:   506.38, Net: net405, Pin: _3132_/A1, Layer: met1
Partial/Required:  1.22, Required:   3134.6, Partial:  3836.61, Net: net410, Pin: _3134_/B1_N, Layer: met2
Partial/Required:  1.22, Required:    400.0, Partial:   488.44, Net: net612, Pin: _3418_/B, Layer: met1
Partial/Required:  1.20, Required:   2956.4, Partial:   3554.5, Net: net685, Pin: _2370_/B1_N, Layer: met2
Partial/Required:  1.20, Required:    400.0, Partial:   480.33, Net: net49, Pin: _2850_/B, Layer: met2
Partial/Required:  1.18, Required:   2956.4, Partial:  3500.06, Net: net684, Pin: _2449_/B, Layer: met2
Partial/Required:  1.17, Required:    400.0, Partial:   468.81, Net: net611, Pin: _2251_/A, Layer: met1
Partial/Required:  1.17, Required:    400.0, Partial:   468.81, Net: net611, Pin: _3418_/A, Layer: met1
Partial/Required:  1.17, Required:    400.0, Partial:    467.6, Net: net514, Pin: _3375_/A, Layer: met1
Partial/Required:  1.17, Required:    400.0, Partial:    467.6, Net: net514, Pin: _3930_/A, Layer: met1
Partial/Required:  1.17, Required:    400.0, Partial:   466.44, Net: net624, Pin: _4090_/D, Layer: met1
Partial/Required:  1.11, Required:   2956.4, Partial:  3276.56, Net: net400, Pin: _2902_/B, Layer: met2
Partial/Required:  1.10, Required:    400.0, Partial:   438.33, Net: net613, Pin: _4090_/C, Layer: met1
Partial/Required:  1.09, Required:   3312.8, Partial:  3620.94, Net: net876, Pin: _3282_/B1_N, Layer: met2
Partial/Required:  1.07, Required:    400.0, Partial:   426.82, Net: net219, Pin: _4169_/D, Layer: met1
Partial/Required:  1.07, Required:    400.0, Partial:   426.82, Net: net219, Pin: _3603_/B, Layer: met1
Partial/Required:  1.06, Required:    400.0, Partial:   425.33, Net: _0628_, Pin: _2848_/B, Layer: met1
Partial/Required:  1.05, Required:    400.0, Partial:   421.89, Net: net890, Pin: _2697_/B1_N, Layer: met1
Partial/Required:  1.05, Required:    400.0, Partial:   421.87, Net: net200, Pin: _3038_/A, Layer: met1
Partial/Required:  1.05, Required:    400.0, Partial:   421.87, Net: net200, Pin: _3596_/A, Layer: met1
Partial/Required:  1.04, Required:    400.0, Partial:   417.96, Net: net793, Pin: _3229_/A, Layer: met1
Partial/Required:  1.03, Required:    400.0, Partial:   413.59, Net: _0566_, Pin: _2784_/D_N, Layer: met3
Partial/Required:  1.03, Required:    400.0, Partial:   412.78, Net: net950, Pin: _2556_/B, Layer: met1
Partial/Required:  1.01, Required:    400.0, Partial:   405.33, Net: net116, Pin: _2815_/C, Layer: met1
