
===========================================================================
report_checks -path_delay max (Setup)
============================================================================
======================= Typical Corner ===================================

Startpoint: in_data[515] (input port clocked by __VIRTUAL_CLK__)
Endpoint: out_code[1] (output port clocked by __VIRTUAL_CLK__)
Path Group: __VIRTUAL_CLK__
Path Type: max

Fanout     Cap    Slew   Delay    Time   Description
-----------------------------------------------------------------------------
                  0.00    0.00    0.00   clock __VIRTUAL_CLK__ (rise edge)
                          0.00    0.00   clock network delay (ideal)
                          8.00    8.00 v input external delay
                  0.03    0.02    8.02 v in_data[515] (in)
     1    0.01                           in_data[515] (net)
                  0.03    0.00    8.02 v input486/A (sky130_fd_sc_hd__buf_12)
                  0.06    0.14    8.16 v input486/X (sky130_fd_sc_hd__buf_12)
     3    0.11                           net486 (net)
                  0.13    0.06    8.22 v _3363_/A2 (sky130_fd_sc_hd__o21a_1)
                  0.04    0.21    8.44 v _3363_/X (sky130_fd_sc_hd__o21a_1)
     1    0.00                           _1145_ (net)
                  0.04    0.00    8.44 v _3365_/A3 (sky130_fd_sc_hd__o31a_1)
                  0.05    0.25    8.68 v _3365_/X (sky130_fd_sc_hd__o31a_1)
     1    0.00                           _1147_ (net)
                  0.05    0.00    8.68 v _3367_/A3 (sky130_fd_sc_hd__o31a_1)
                  0.05    0.25    8.94 v _3367_/X (sky130_fd_sc_hd__o31a_1)
     1    0.00                           _1149_ (net)
                  0.05    0.00    8.94 v _3369_/A3 (sky130_fd_sc_hd__o31a_1)
                  0.05    0.25    9.19 v _3369_/X (sky130_fd_sc_hd__o31a_1)
     1    0.00                           _1151_ (net)
                  0.05    0.00    9.19 v _3371_/A3 (sky130_fd_sc_hd__o31a_1)
                  0.04    0.23    9.42 v _3371_/X (sky130_fd_sc_hd__o31a_1)
     1    0.00                           _1153_ (net)
                  0.04    0.00    9.42 v _3372_/C (sky130_fd_sc_hd__or3_1)
                  0.06    0.31    9.73 v _3372_/X (sky130_fd_sc_hd__or3_1)
     1    0.00                           _1154_ (net)
                  0.06    0.00    9.73 v _3374_/A1 (sky130_fd_sc_hd__a211o_1)
                  0.05    0.27   10.00 v _3374_/X (sky130_fd_sc_hd__a211o_1)
     1    0.00                           _1156_ (net)
                  0.05    0.00   10.00 v _3376_/A1 (sky130_fd_sc_hd__a211o_1)
                  0.05    0.27   10.27 v _3376_/X (sky130_fd_sc_hd__a211o_1)
     1    0.00                           _1158_ (net)
                  0.05    0.00   10.27 v _3378_/A1 (sky130_fd_sc_hd__a211o_1)
                  0.05    0.26   10.54 v _3378_/X (sky130_fd_sc_hd__a211o_1)
     1    0.00                           _1160_ (net)
                  0.05    0.00   10.54 v _3380_/A1 (sky130_fd_sc_hd__a211o_1)
                  0.05    0.26   10.80 v _3380_/X (sky130_fd_sc_hd__a211o_1)
     1    0.00                           _1162_ (net)
                  0.05    0.00   10.80 v _3382_/A1 (sky130_fd_sc_hd__a211o_1)
                  0.05    0.26   11.06 v _3382_/X (sky130_fd_sc_hd__a211o_1)
     1    0.00                           _1164_ (net)
                  0.05    0.00   11.06 v _3384_/A1 (sky130_fd_sc_hd__a211o_1)
                  0.05    0.27   11.33 v _3384_/X (sky130_fd_sc_hd__a211o_1)
     1    0.00                           _1166_ (net)
                  0.05    0.00   11.33 v _3386_/A1 (sky130_fd_sc_hd__a211o_1)
                  0.05    0.27   11.60 v _3386_/X (sky130_fd_sc_hd__a211o_1)
     1    0.00                           _1168_ (net)
                  0.05    0.00   11.60 v _3388_/A1 (sky130_fd_sc_hd__a211o_1)
                  0.05    0.27   11.87 v _3388_/X (sky130_fd_sc_hd__a211o_1)
     1    0.00                           _1170_ (net)
                  0.05    0.00   11.87 v _3390_/A1 (sky130_fd_sc_hd__a211o_1)
                  0.05    0.26   12.14 v _3390_/X (sky130_fd_sc_hd__a211o_1)
     1    0.00                           _1172_ (net)
                  0.05    0.00   12.14 v _3392_/A1 (sky130_fd_sc_hd__a211o_1)
                  0.05    0.27   12.40 v _3392_/X (sky130_fd_sc_hd__a211o_1)
     1    0.00                           _1174_ (net)
                  0.05    0.00   12.40 v _3394_/A1 (sky130_fd_sc_hd__a211o_1)
                  0.05    0.27   12.67 v _3394_/X (sky130_fd_sc_hd__a211o_1)
     1    0.00                           _1176_ (net)
                  0.05    0.00   12.67 v _3396_/A1 (sky130_fd_sc_hd__a211o_1)
                  0.06    0.28   12.95 v _3396_/X (sky130_fd_sc_hd__a211o_1)
     1    0.00                           _1178_ (net)
                  0.06    0.00   12.95 v _3398_/A1 (sky130_fd_sc_hd__a211o_1)
                  0.05    0.28   13.23 v _3398_/X (sky130_fd_sc_hd__a211o_1)
     1    0.00                           _1180_ (net)
                  0.05    0.00   13.23 v _3400_/A1 (sky130_fd_sc_hd__a211o_1)
                  0.05    0.27   13.50 v _3400_/X (sky130_fd_sc_hd__a211o_1)
     1    0.00                           _1182_ (net)
                  0.05    0.00   13.50 v _3402_/A1 (sky130_fd_sc_hd__a211o_1)
                  0.05    0.26   13.76 v _3402_/X (sky130_fd_sc_hd__a211o_1)
     1    0.00                           _1184_ (net)
                  0.05    0.00   13.76 v _3404_/A1 (sky130_fd_sc_hd__a211o_1)
                  0.05    0.26   14.02 v _3404_/X (sky130_fd_sc_hd__a211o_1)
     1    0.00                           _1186_ (net)
                  0.05    0.00   14.02 v _3406_/A1 (sky130_fd_sc_hd__a211o_1)
                  0.05    0.26   14.29 v _3406_/X (sky130_fd_sc_hd__a211o_1)
     1    0.00                           _1188_ (net)
                  0.05    0.00   14.29 v _3408_/A1 (sky130_fd_sc_hd__a211o_1)
                  0.06    0.28   14.57 v _3408_/X (sky130_fd_sc_hd__a211o_1)
     1    0.01                           _1190_ (net)
                  0.06    0.00   14.57 v _3410_/A1 (sky130_fd_sc_hd__a211o_1)
                  0.05    0.27   14.84 v _3410_/X (sky130_fd_sc_hd__a211o_1)
     1    0.00                           _1192_ (net)
                  0.05    0.00   14.84 v _3411_/C_N (sky130_fd_sc_hd__or3b_1)
                  0.04    0.17   15.01 ^ _3411_/X (sky130_fd_sc_hd__or3b_1)
     1    0.00                           _1193_ (net)
                  0.04    0.00   15.01 ^ _3413_/A1 (sky130_fd_sc_hd__a211o_1)
                  0.04    0.11   15.12 ^ _3413_/X (sky130_fd_sc_hd__a211o_1)
     1    0.00                           _1195_ (net)
                  0.04    0.00   15.12 ^ _3414_/C_N (sky130_fd_sc_hd__or3b_1)
                  0.07    0.36   15.47 v _3414_/X (sky130_fd_sc_hd__or3b_1)
     1    0.00                           _1196_ (net)
                  0.07    0.00   15.47 v _3415_/A1 (sky130_fd_sc_hd__a211o_1)
                  0.05    0.27   15.75 v _3415_/X (sky130_fd_sc_hd__a211o_1)
     1    0.00                           _1197_ (net)
                  0.05    0.00   15.75 v _3417_/A1 (sky130_fd_sc_hd__a211o_1)
                  0.04    0.26   16.00 v _3417_/X (sky130_fd_sc_hd__a211o_1)
     1    0.00                           _1199_ (net)
                  0.04    0.00   16.00 v _3418_/C_N (sky130_fd_sc_hd__or3b_1)
                  0.05    0.17   16.17 ^ _3418_/X (sky130_fd_sc_hd__or3b_1)
     1    0.00                           _1200_ (net)
                  0.05    0.00   16.17 ^ _3420_/A1 (sky130_fd_sc_hd__a211o_1)
                  0.05    0.12   16.29 ^ _3420_/X (sky130_fd_sc_hd__a211o_1)
     1    0.00                           _1202_ (net)
                  0.05    0.00   16.29 ^ _3421_/C_N (sky130_fd_sc_hd__or3b_1)
                  0.07    0.36   16.65 v _3421_/X (sky130_fd_sc_hd__or3b_1)
     1    0.00                           _1203_ (net)
                  0.07    0.00   16.65 v _3423_/A1 (sky130_fd_sc_hd__a211o_1)
                  0.05    0.28   16.93 v _3423_/X (sky130_fd_sc_hd__a211o_1)
     1    0.00                           _1205_ (net)
                  0.05    0.00   16.93 v _3425_/A1 (sky130_fd_sc_hd__a211o_1)
                  0.05    0.27   17.20 v _3425_/X (sky130_fd_sc_hd__a211o_1)
     1    0.00                           _1207_ (net)
                  0.05    0.00   17.20 v _3427_/A1 (sky130_fd_sc_hd__a211o_1)
                  0.05    0.27   17.47 v _3427_/X (sky130_fd_sc_hd__a211o_1)
     1    0.00                           _1209_ (net)
                  0.05    0.00   17.47 v _3429_/A1 (sky130_fd_sc_hd__a211o_1)
                  0.05    0.27   17.74 v _3429_/X (sky130_fd_sc_hd__a211o_1)
     1    0.00                           _1211_ (net)
                  0.05    0.00   17.74 v _3431_/A1 (sky130_fd_sc_hd__a211o_1)
                  0.05    0.27   18.02 v _3431_/X (sky130_fd_sc_hd__a211o_1)
     1    0.00                           _1213_ (net)
                  0.05    0.00   18.02 v _3432_/C_N (sky130_fd_sc_hd__or3b_1)
                  0.04    0.17   18.18 ^ _3432_/X (sky130_fd_sc_hd__or3b_1)
     1    0.00                           _1214_ (net)
                  0.04    0.00   18.18 ^ _3434_/A1 (sky130_fd_sc_hd__a211oi_1)
                  0.06    0.06   18.25 v _3434_/Y (sky130_fd_sc_hd__a211oi_1)
     1    0.00                           _1216_ (net)
                  0.06    0.00   18.25 v _3435_/A3 (sky130_fd_sc_hd__o31a_1)
                  0.05    0.25   18.50 v _3435_/X (sky130_fd_sc_hd__o31a_1)
     1    0.00                           _1217_ (net)
                  0.05    0.00   18.50 v _3437_/A3 (sky130_fd_sc_hd__o31a_1)
                  0.05    0.25   18.75 v _3437_/X (sky130_fd_sc_hd__o31a_1)
     1    0.00                           _1219_ (net)
                  0.05    0.00   18.75 v _3439_/A3 (sky130_fd_sc_hd__o31a_1)
                  0.05    0.24   18.99 v _3439_/X (sky130_fd_sc_hd__o31a_1)
     1    0.00                           _1221_ (net)
                  0.05    0.00   18.99 v _3441_/A3 (sky130_fd_sc_hd__o31a_1)
                  0.04    0.24   19.23 v _3441_/X (sky130_fd_sc_hd__o31a_1)
     1    0.00                           _1223_ (net)
                  0.04    0.00   19.23 v _3443_/A3 (sky130_fd_sc_hd__o31a_1)
                  0.05    0.25   19.47 v _3443_/X (sky130_fd_sc_hd__o31a_1)
     1    0.00                           _1225_ (net)
                  0.05    0.00   19.47 v _3445_/A3 (sky130_fd_sc_hd__o31a_1)
                  0.05    0.25   19.72 v _3445_/X (sky130_fd_sc_hd__o31a_1)
     1    0.00                           _1227_ (net)
                  0.05    0.00   19.72 v _3447_/A3 (sky130_fd_sc_hd__o31a_1)
                  0.05    0.25   19.97 v _3447_/X (sky130_fd_sc_hd__o31a_1)
     1    0.00                           _1229_ (net)
                  0.05    0.00   19.97 v _3449_/A3 (sky130_fd_sc_hd__o31ai_1)
                  0.21    0.22   20.18 ^ _3449_/Y (sky130_fd_sc_hd__o31ai_1)
     1    0.00                           _1231_ (net)
                  0.21    0.00   20.18 ^ _3451_/A1 (sky130_fd_sc_hd__a211oi_1)
                  0.07    0.10   20.29 v _3451_/Y (sky130_fd_sc_hd__a211oi_1)
     1    0.00                           _1233_ (net)
                  0.07    0.00   20.29 v _3453_/A3 (sky130_fd_sc_hd__o31a_1)
                  0.04    0.25   20.53 v _3453_/X (sky130_fd_sc_hd__o31a_1)
     1    0.00                           _1235_ (net)
                  0.04    0.00   20.53 v _3454_/C (sky130_fd_sc_hd__or3_1)
                  0.07    0.32   20.85 v _3454_/X (sky130_fd_sc_hd__or3_1)
     1    0.00                           _1236_ (net)
                  0.07    0.00   20.85 v _3456_/A1 (sky130_fd_sc_hd__a211o_1)
                  0.05    0.27   21.12 v _3456_/X (sky130_fd_sc_hd__a211o_1)
     1    0.00                           _1238_ (net)
                  0.05    0.00   21.12 v _3458_/A1 (sky130_fd_sc_hd__a211o_1)
                  0.05    0.27   21.39 v _3458_/X (sky130_fd_sc_hd__a211o_1)
     1    0.00                           _1240_ (net)
                  0.05    0.00   21.39 v _3460_/A1 (sky130_fd_sc_hd__a211o_1)
                  0.05    0.27   21.65 v _3460_/X (sky130_fd_sc_hd__a211o_1)
     1    0.00                           _1242_ (net)
                  0.05    0.00   21.65 v _3462_/A1 (sky130_fd_sc_hd__a211o_1)
                  0.05    0.27   21.92 v _3462_/X (sky130_fd_sc_hd__a211o_1)
     1    0.00                           _1244_ (net)
                  0.05    0.00   21.92 v _3464_/A1 (sky130_fd_sc_hd__a211o_1)
                  0.05    0.27   22.19 v _3464_/X (sky130_fd_sc_hd__a211o_1)
     1    0.00                           _1246_ (net)
                  0.05    0.00   22.19 v _3466_/A1 (sky130_fd_sc_hd__a211o_1)
                  0.05    0.27   22.46 v _3466_/X (sky130_fd_sc_hd__a211o_1)
     1    0.00                           _1248_ (net)
                  0.05    0.00   22.46 v _3468_/A1 (sky130_fd_sc_hd__a211o_1)
                  0.05    0.26   22.72 v _3468_/X (sky130_fd_sc_hd__a211o_1)
     1    0.00                           _1250_ (net)
                  0.05    0.00   22.72 v _3470_/A1 (sky130_fd_sc_hd__a211o_1)
                  0.05    0.27   22.99 v _3470_/X (sky130_fd_sc_hd__a211o_1)
     1    0.00                           _1252_ (net)
                  0.05    0.00   22.99 v _3472_/A1 (sky130_fd_sc_hd__a211o_1)
                  0.05    0.27   23.26 v _3472_/X (sky130_fd_sc_hd__a211o_1)
     1    0.00                           _1254_ (net)
                  0.05    0.00   23.26 v _3474_/A1 (sky130_fd_sc_hd__a211o_1)
                  0.05    0.27   23.52 v _3474_/X (sky130_fd_sc_hd__a211o_1)
     1    0.00                           _1256_ (net)
                  0.05    0.00   23.52 v _3476_/A1 (sky130_fd_sc_hd__a211o_1)
                  0.05    0.27   23.79 v _3476_/X (sky130_fd_sc_hd__a211o_1)
     1    0.00                           _1258_ (net)
                  0.05    0.00   23.79 v _3477_/C_N (sky130_fd_sc_hd__or3b_1)
                  0.05    0.17   23.96 ^ _3477_/X (sky130_fd_sc_hd__or3b_1)
     1    0.00                           _1259_ (net)
                  0.05    0.00   23.96 ^ _3479_/A1 (sky130_fd_sc_hd__a211oi_1)
                  0.05    0.06   24.02 v _3479_/Y (sky130_fd_sc_hd__a211oi_1)
     1    0.00                           _1261_ (net)
                  0.05    0.00   24.02 v _3481_/A3 (sky130_fd_sc_hd__o31a_1)
                  0.05    0.25   24.28 v _3481_/X (sky130_fd_sc_hd__o31a_1)
     1    0.00                           _1263_ (net)
                  0.05    0.00   24.28 v _3483_/A3 (sky130_fd_sc_hd__o31a_1)
                  0.05    0.25   24.53 v _3483_/X (sky130_fd_sc_hd__o31a_1)
     1    0.00                           _1265_ (net)
                  0.05    0.00   24.53 v _3485_/A3 (sky130_fd_sc_hd__o31a_1)
                  0.05    0.24   24.77 v _3485_/X (sky130_fd_sc_hd__o31a_1)
     1    0.00                           _1267_ (net)
                  0.05    0.00   24.77 v _3719_/A3 (sky130_fd_sc_hd__o311a_1)
                  0.05    0.30   25.07 v _3719_/X (sky130_fd_sc_hd__o311a_1)
     1    0.00                           _1501_ (net)
                  0.05    0.00   25.07 v _3844_/C (sky130_fd_sc_hd__or4b_2)
                  0.12    0.68   25.75 v _3844_/X (sky130_fd_sc_hd__or4b_2)
     1    0.01                           _1626_ (net)
                  0.12    0.00   25.75 v _3845_/A (sky130_fd_sc_hd__buf_12)
                  0.06    0.20   25.95 v _3845_/X (sky130_fd_sc_hd__buf_12)
     1    0.08                           net1026 (net)
                  0.06    0.01   25.96 v output1026/A (sky130_fd_sc_hd__buf_6)
                  0.05    0.15   26.12 v output1026/X (sky130_fd_sc_hd__buf_6)
     1    0.04                           out_code[1] (net)
                  0.05    0.00   26.12 v out_code[1] (out)
                                 26.12   data arrival time

                  0.00   40.00   40.00   clock __VIRTUAL_CLK__ (rise edge)
                          0.00   40.00   clock network delay (ideal)
                         -0.25   39.75   clock uncertainty
                          0.00   39.75   clock reconvergence pessimism
                         -8.00   31.75   output external delay
                                 31.75   data required time
-----------------------------------------------------------------------------
                                 31.75   data required time
                                -26.12   data arrival time
-----------------------------------------------------------------------------
                                  5.63   slack (MET)


Startpoint: in_data[3] (input port clocked by __VIRTUAL_CLK__)
Endpoint: out_code[0] (output port clocked by __VIRTUAL_CLK__)
Path Group: __VIRTUAL_CLK__
Path Type: max

Fanout     Cap    Slew   Delay    Time   Description
-----------------------------------------------------------------------------
                  0.00    0.00    0.00   clock __VIRTUAL_CLK__ (rise edge)
                          0.00    0.00   clock network delay (ideal)
                          8.00    8.00 v input external delay
                  0.02    0.01    8.01 v in_data[3] (in)
     1    0.01                           in_data[3] (net)
                  0.02    0.00    8.01 v input358/A (sky130_fd_sc_hd__buf_8)
                  0.07    0.15    8.16 v input358/X (sky130_fd_sc_hd__buf_8)
     3    0.11                           net358 (net)
                  0.14    0.06    8.23 v _2655_/B1_N (sky130_fd_sc_hd__o21bai_1)
                  0.05    0.20    8.42 v _2655_/Y (sky130_fd_sc_hd__o21bai_1)
     1    0.00                           _0438_ (net)
                  0.05    0.00    8.42 v _2656_/A2 (sky130_fd_sc_hd__a21oi_1)
                  0.12    0.15    8.58 ^ _2656_/Y (sky130_fd_sc_hd__a21oi_1)
     1    0.00                           _0439_ (net)
                  0.12    0.00    8.58 ^ _2657_/A2 (sky130_fd_sc_hd__o21bai_1)
                  0.06    0.08    8.66 v _2657_/Y (sky130_fd_sc_hd__o21bai_1)
     1    0.00                           _0440_ (net)
                  0.06    0.00    8.66 v _2658_/A2 (sky130_fd_sc_hd__a21oi_1)
                  0.12    0.16    8.82 ^ _2658_/Y (sky130_fd_sc_hd__a21oi_1)
     1    0.00                           _0441_ (net)
                  0.12    0.00    8.82 ^ _2659_/A2 (sky130_fd_sc_hd__o21bai_1)
                  0.06    0.08    8.90 v _2659_/Y (sky130_fd_sc_hd__o21bai_1)
     1    0.00                           _0442_ (net)
                  0.06    0.00    8.90 v _2660_/A2 (sky130_fd_sc_hd__a21oi_1)
                  0.11    0.15    9.06 ^ _2660_/Y (sky130_fd_sc_hd__a21oi_1)
     1    0.00                           _0443_ (net)
                  0.11    0.00    9.06 ^ _2661_/A2 (sky130_fd_sc_hd__o21bai_1)
                  0.05    0.08    9.14 v _2661_/Y (sky130_fd_sc_hd__o21bai_1)
     1    0.00                           _0444_ (net)
                  0.05    0.00    9.14 v _2662_/A2 (sky130_fd_sc_hd__a21oi_1)
                  0.16    0.19    9.33 ^ _2662_/Y (sky130_fd_sc_hd__a21oi_1)
     1    0.01                           _0445_ (net)
                  0.16    0.00    9.33 ^ _2663_/A2 (sky130_fd_sc_hd__o21bai_2)
                  0.08    0.11    9.43 v _2663_/Y (sky130_fd_sc_hd__o21bai_2)
     1    0.01                           _0446_ (net)
                  0.08    0.00    9.43 v _2664_/A2 (sky130_fd_sc_hd__a21oi_1)
                  0.11    0.17    9.60 ^ _2664_/Y (sky130_fd_sc_hd__a21oi_1)
     1    0.00                           _0447_ (net)
                  0.11    0.00    9.60 ^ _2665_/A2 (sky130_fd_sc_hd__o21bai_1)
                  0.05    0.08    9.68 v _2665_/Y (sky130_fd_sc_hd__o21bai_1)
     1    0.00                           _0448_ (net)
                  0.05    0.00    9.68 v _2666_/A2 (sky130_fd_sc_hd__a21oi_1)
                  0.25    0.26    9.94 ^ _2666_/Y (sky130_fd_sc_hd__a21oi_1)
     1    0.01                           _0449_ (net)
                  0.25    0.00    9.94 ^ _2667_/A2 (sky130_fd_sc_hd__o21bai_4)
                  0.04    0.07   10.01 v _2667_/Y (sky130_fd_sc_hd__o21bai_4)
     1    0.00                           _0450_ (net)
                  0.04    0.00   10.01 v _2668_/A2 (sky130_fd_sc_hd__a21oi_1)
                  0.11    0.14   10.15 ^ _2668_/Y (sky130_fd_sc_hd__a21oi_1)
     1    0.00                           _0451_ (net)
                  0.11    0.00   10.15 ^ _2669_/A2 (sky130_fd_sc_hd__o21bai_1)
                  0.06    0.08   10.23 v _2669_/Y (sky130_fd_sc_hd__o21bai_1)
     1    0.00                           _0452_ (net)
                  0.06    0.00   10.23 v _2670_/A2 (sky130_fd_sc_hd__a21oi_1)
                  0.12    0.16   10.39 ^ _2670_/Y (sky130_fd_sc_hd__a21oi_1)
     1    0.00                           _0453_ (net)
                  0.12    0.00   10.39 ^ _2671_/A2 (sky130_fd_sc_hd__o21bai_1)
                  0.05    0.07   10.46 v _2671_/Y (sky130_fd_sc_hd__o21bai_1)
     1    0.00                           _0454_ (net)
                  0.05    0.00   10.46 v _2672_/A2 (sky130_fd_sc_hd__a21oi_1)
                  0.12    0.16   10.62 ^ _2672_/Y (sky130_fd_sc_hd__a21oi_1)
     1    0.00                           _0455_ (net)
                  0.12    0.00   10.62 ^ _2673_/A2 (sky130_fd_sc_hd__o21bai_1)
                  0.06    0.08   10.71 v _2673_/Y (sky130_fd_sc_hd__o21bai_1)
     1    0.00                           _0456_ (net)
                  0.06    0.00   10.71 v _2674_/A2 (sky130_fd_sc_hd__a21oi_1)
                  0.12    0.16   10.87 ^ _2674_/Y (sky130_fd_sc_hd__a21oi_1)
     1    0.00                           _0457_ (net)
                  0.12    0.00   10.87 ^ _2675_/A2 (sky130_fd_sc_hd__o21bai_1)
                  0.06    0.09   10.95 v _2675_/Y (sky130_fd_sc_hd__o21bai_1)
     1    0.00                           _0458_ (net)
                  0.06    0.00   10.95 v _2676_/A2 (sky130_fd_sc_hd__a21oi_1)
                  0.12    0.16   11.11 ^ _2676_/Y (sky130_fd_sc_hd__a21oi_1)
     1    0.00                           _0459_ (net)
                  0.12    0.00   11.11 ^ _2677_/A2 (sky130_fd_sc_hd__o21bai_1)
                  0.05    0.08   11.19 v _2677_/Y (sky130_fd_sc_hd__o21bai_1)
     1    0.00                           _0460_ (net)
                  0.05    0.00   11.19 v _2678_/A2 (sky130_fd_sc_hd__a21oi_1)
                  0.12    0.16   11.35 ^ _2678_/Y (sky130_fd_sc_hd__a21oi_1)
     1    0.00                           _0461_ (net)
                  0.12    0.00   11.35 ^ _2679_/A2 (sky130_fd_sc_hd__o21bai_1)
                  0.05    0.08   11.44 v _2679_/Y (sky130_fd_sc_hd__o21bai_1)
     1    0.00                           _0462_ (net)
                  0.05    0.00   11.44 v _2680_/A2 (sky130_fd_sc_hd__a21oi_1)
                  0.12    0.16   11.59 ^ _2680_/Y (sky130_fd_sc_hd__a21oi_1)
     1    0.00                           _0463_ (net)
                  0.12    0.00   11.59 ^ _2681_/A2 (sky130_fd_sc_hd__o21bai_1)
                  0.05    0.08   11.67 v _2681_/Y (sky130_fd_sc_hd__o21bai_1)
     1    0.00                           _0464_ (net)
                  0.05    0.00   11.67 v _2682_/A2 (sky130_fd_sc_hd__a21oi_1)
                  0.13    0.17   11.84 ^ _2682_/Y (sky130_fd_sc_hd__a21oi_1)
     1    0.00                           _0465_ (net)
                  0.13    0.00   11.84 ^ _2683_/A2 (sky130_fd_sc_hd__o21bai_1)
                  0.06    0.09   11.92 v _2683_/Y (sky130_fd_sc_hd__o21bai_1)
     1    0.00                           _0466_ (net)
                  0.06    0.00   11.93 v _2684_/A2 (sky130_fd_sc_hd__a21oi_1)
                  0.12    0.16   12.09 ^ _2684_/Y (sky130_fd_sc_hd__a21oi_1)
     1    0.00                           _0467_ (net)
                  0.12    0.00   12.09 ^ _2685_/A2 (sky130_fd_sc_hd__o21bai_1)
                  0.05    0.07   12.16 v _2685_/Y (sky130_fd_sc_hd__o21bai_1)
     1    0.00                           _0468_ (net)
                  0.05    0.00   12.16 v _2686_/A2 (sky130_fd_sc_hd__a21oi_1)
                  0.10    0.14   12.30 ^ _2686_/Y (sky130_fd_sc_hd__a21oi_1)
     1    0.00                           _0469_ (net)
                  0.10    0.00   12.30 ^ _2687_/A2 (sky130_fd_sc_hd__o21bai_1)
                  0.05    0.08   12.38 v _2687_/Y (sky130_fd_sc_hd__o21bai_1)
     1    0.00                           _0470_ (net)
                  0.05    0.00   12.38 v _2688_/A2 (sky130_fd_sc_hd__a21oi_1)
                  0.13    0.17   12.54 ^ _2688_/Y (sky130_fd_sc_hd__a21oi_1)
     1    0.00                           _0471_ (net)
                  0.13    0.00   12.54 ^ _2689_/A2 (sky130_fd_sc_hd__o21bai_1)
                  0.05    0.08   12.63 v _2689_/Y (sky130_fd_sc_hd__o21bai_1)
     1    0.00                           _0472_ (net)
                  0.05    0.00   12.63 v _2690_/A2 (sky130_fd_sc_hd__a21oi_1)
                  0.13    0.17   12.80 ^ _2690_/Y (sky130_fd_sc_hd__a21oi_1)
     1    0.00                           _0473_ (net)
                  0.13    0.00   12.80 ^ _2691_/A2 (sky130_fd_sc_hd__o21bai_1)
                  0.05    0.08   12.88 v _2691_/Y (sky130_fd_sc_hd__o21bai_1)
     1    0.00                           _0474_ (net)
                  0.05    0.00   12.88 v _2692_/A2 (sky130_fd_sc_hd__a21oi_1)
                  0.15    0.18   13.06 ^ _2692_/Y (sky130_fd_sc_hd__a21oi_1)
     1    0.01                           _0475_ (net)
                  0.15    0.00   13.06 ^ _2693_/A2 (sky130_fd_sc_hd__o21bai_1)
                  0.05    0.08   13.14 v _2693_/Y (sky130_fd_sc_hd__o21bai_1)
     1    0.00                           _0476_ (net)
                  0.05    0.00   13.14 v _2694_/A2 (sky130_fd_sc_hd__a21oi_1)
                  0.10    0.14   13.28 ^ _2694_/Y (sky130_fd_sc_hd__a21oi_1)
     1    0.00                           _0477_ (net)
                  0.10    0.00   13.28 ^ _2695_/A2 (sky130_fd_sc_hd__o21bai_1)
                  0.06    0.07   13.35 v _2695_/Y (sky130_fd_sc_hd__o21bai_1)
     1    0.00                           _0478_ (net)
                  0.06    0.00   13.35 v _2696_/A2 (sky130_fd_sc_hd__a21oi_1)
                  0.11    0.15   13.50 ^ _2696_/Y (sky130_fd_sc_hd__a21oi_1)
     1    0.00                           _0479_ (net)
                  0.11    0.00   13.50 ^ _2697_/A2 (sky130_fd_sc_hd__o21bai_1)
                  0.06    0.08   13.58 v _2697_/Y (sky130_fd_sc_hd__o21bai_1)
     1    0.00                           _0480_ (net)
                  0.06    0.00   13.58 v _2698_/A2 (sky130_fd_sc_hd__a21oi_1)
                  0.12    0.16   13.74 ^ _2698_/Y (sky130_fd_sc_hd__a21oi_1)
     1    0.00                           _0481_ (net)
                  0.12    0.00   13.74 ^ _2699_/A2 (sky130_fd_sc_hd__o21bai_1)
                  0.05    0.08   13.82 v _2699_/Y (sky130_fd_sc_hd__o21bai_1)
     1    0.00                           _0482_ (net)
                  0.05    0.00   13.82 v _2700_/A2 (sky130_fd_sc_hd__a21oi_1)
                  0.12    0.16   13.97 ^ _2700_/Y (sky130_fd_sc_hd__a21oi_1)
     1    0.00                           _0483_ (net)
                  0.12    0.00   13.97 ^ _2701_/A2 (sky130_fd_sc_hd__o21bai_1)
                  0.06    0.08   14.06 v _2701_/Y (sky130_fd_sc_hd__o21bai_1)
     1    0.00                           _0484_ (net)
                  0.06    0.00   14.06 v _2702_/A2 (sky130_fd_sc_hd__a21oi_1)
                  0.12    0.16   14.22 ^ _2702_/Y (sky130_fd_sc_hd__a21oi_1)
     1    0.00                           _0485_ (net)
                  0.12    0.00   14.22 ^ _2703_/A2 (sky130_fd_sc_hd__o21bai_1)
                  0.05    0.08   14.30 v _2703_/Y (sky130_fd_sc_hd__o21bai_1)
     1    0.00                           _0486_ (net)
                  0.05    0.00   14.30 v _2704_/A2 (sky130_fd_sc_hd__a21oi_1)
                  0.11    0.15   14.45 ^ _2704_/Y (sky130_fd_sc_hd__a21oi_1)
     1    0.00                           _0487_ (net)
                  0.11    0.00   14.45 ^ _2705_/A2 (sky130_fd_sc_hd__o21bai_1)
                  0.06    0.08   14.53 v _2705_/Y (sky130_fd_sc_hd__o21bai_1)
     1    0.00                           _0488_ (net)
                  0.06    0.00   14.53 v _2706_/A2 (sky130_fd_sc_hd__a21oi_1)
                  0.11    0.15   14.68 ^ _2706_/Y (sky130_fd_sc_hd__a21oi_1)
     1    0.00                           _0489_ (net)
                  0.11    0.00   14.68 ^ _2707_/A2 (sky130_fd_sc_hd__o21bai_1)
                  0.05    0.08   14.76 v _2707_/Y (sky130_fd_sc_hd__o21bai_1)
     1    0.00                           _0490_ (net)
                  0.05    0.00   14.76 v _2708_/A2 (sky130_fd_sc_hd__a21oi_1)
                  0.11    0.15   14.91 ^ _2708_/Y (sky130_fd_sc_hd__a21oi_1)
     1    0.00                           _0491_ (net)
                  0.11    0.00   14.91 ^ _2709_/A2 (sky130_fd_sc_hd__o21bai_1)
                  0.05    0.08   14.98 v _2709_/Y (sky130_fd_sc_hd__o21bai_1)
     1    0.00                           _0492_ (net)
                  0.05    0.00   14.98 v _2710_/A2 (sky130_fd_sc_hd__a21oi_1)
                  0.13    0.17   15.15 ^ _2710_/Y (sky130_fd_sc_hd__a21oi_1)
     1    0.00                           _0493_ (net)
                  0.13    0.00   15.15 ^ _2711_/A2 (sky130_fd_sc_hd__o21bai_1)
                  0.05    0.08   15.23 v _2711_/Y (sky130_fd_sc_hd__o21bai_1)
     1    0.00                           _0494_ (net)
                  0.05    0.00   15.23 v _2712_/A2 (sky130_fd_sc_hd__a21oi_1)
                  0.12    0.16   15.39 ^ _2712_/Y (sky130_fd_sc_hd__a21oi_1)
     1    0.00                           _0495_ (net)
                  0.12    0.00   15.39 ^ _2713_/A2 (sky130_fd_sc_hd__o21bai_1)
                  0.06    0.08   15.48 v _2713_/Y (sky130_fd_sc_hd__o21bai_1)
     1    0.00                           _0496_ (net)
                  0.06    0.00   15.48 v _2714_/A2 (sky130_fd_sc_hd__a21oi_1)
                  0.12    0.15   15.63 ^ _2714_/Y (sky130_fd_sc_hd__a21oi_1)
     1    0.00                           _0497_ (net)
                  0.12    0.00   15.63 ^ _2715_/A2 (sky130_fd_sc_hd__o21bai_1)
                  0.05    0.08   15.71 v _2715_/Y (sky130_fd_sc_hd__o21bai_1)
     1    0.00                           _0498_ (net)
                  0.05    0.00   15.71 v _2716_/A2 (sky130_fd_sc_hd__a21oi_1)
                  0.12    0.16   15.87 ^ _2716_/Y (sky130_fd_sc_hd__a21oi_1)
     1    0.00                           _0499_ (net)
                  0.12    0.00   15.87 ^ _2717_/A2 (sky130_fd_sc_hd__o21bai_1)
                  0.05    0.08   15.95 v _2717_/Y (sky130_fd_sc_hd__o21bai_1)
     1    0.00                           _0500_ (net)
                  0.05    0.00   15.95 v _2718_/A2 (sky130_fd_sc_hd__a21oi_1)
                  0.12    0.16   16.11 ^ _2718_/Y (sky130_fd_sc_hd__a21oi_1)
     1    0.00                           _0501_ (net)
                  0.12    0.00   16.11 ^ _2719_/A2 (sky130_fd_sc_hd__o21bai_1)
                  0.05    0.08   16.19 v _2719_/Y (sky130_fd_sc_hd__o21bai_1)
     1    0.00                           _0502_ (net)
                  0.05    0.00   16.19 v _2720_/A2 (sky130_fd_sc_hd__a21oi_1)
                  0.11    0.15   16.34 ^ _2720_/Y (sky130_fd_sc_hd__a21oi_1)
     1    0.00                           _0503_ (net)
                  0.11    0.00   16.34 ^ _2721_/A2 (sky130_fd_sc_hd__o21bai_1)
                  0.06    0.09   16.43 v _2721_/Y (sky130_fd_sc_hd__o21bai_1)
     1    0.00                           _0504_ (net)
                  0.06    0.00   16.43 v _2722_/A2 (sky130_fd_sc_hd__a21oi_1)
                  0.10    0.15   16.58 ^ _2722_/Y (sky130_fd_sc_hd__a21oi_1)
     1    0.00                           _0505_ (net)
                  0.10    0.00   16.58 ^ _2723_/A2 (sky130_fd_sc_hd__o21bai_1)
                  0.06    0.08   16.66 v _2723_/Y (sky130_fd_sc_hd__o21bai_1)
     1    0.00                           _0506_ (net)
                  0.06    0.00   16.66 v _2724_/A2 (sky130_fd_sc_hd__a21oi_1)
                  0.11    0.15   16.82 ^ _2724_/Y (sky130_fd_sc_hd__a21oi_1)
     1    0.00                           _0507_ (net)
                  0.11    0.00   16.82 ^ _2725_/A2 (sky130_fd_sc_hd__o21bai_1)
                  0.05    0.08   16.89 v _2725_/Y (sky130_fd_sc_hd__o21bai_1)
     1    0.00                           _0508_ (net)
                  0.05    0.00   16.89 v _2726_/A2 (sky130_fd_sc_hd__a21oi_1)
                  0.11    0.15   17.04 ^ _2726_/Y (sky130_fd_sc_hd__a21oi_1)
     1    0.00                           _0509_ (net)
                  0.11    0.00   17.04 ^ _2727_/A2 (sky130_fd_sc_hd__o21bai_1)
                  0.05    0.08   17.12 v _2727_/Y (sky130_fd_sc_hd__o21bai_1)
     1    0.00                           _0510_ (net)
                  0.05    0.00   17.12 v _2728_/A2 (sky130_fd_sc_hd__a21oi_1)
                  0.10    0.14   17.26 ^ _2728_/Y (sky130_fd_sc_hd__a21oi_1)
     1    0.00                           _0511_ (net)
                  0.10    0.00   17.26 ^ _2729_/A2 (sky130_fd_sc_hd__o21bai_1)
                  0.05    0.07   17.33 v _2729_/Y (sky130_fd_sc_hd__o21bai_1)
     1    0.00                           _0512_ (net)
                  0.05    0.00   17.33 v _2730_/A2 (sky130_fd_sc_hd__a21oi_1)
                  0.12    0.16   17.49 ^ _2730_/Y (sky130_fd_sc_hd__a21oi_1)
     1    0.00                           _0513_ (net)
                  0.12    0.00   17.49 ^ _2731_/A2 (sky130_fd_sc_hd__o21bai_1)
                  0.06    0.08   17.57 v _2731_/Y (sky130_fd_sc_hd__o21bai_1)
     1    0.00                           _0514_ (net)
                  0.06    0.00   17.57 v _2732_/A2 (sky130_fd_sc_hd__a21oi_1)
                  0.11    0.16   17.73 ^ _2732_/Y (sky130_fd_sc_hd__a21oi_1)
     1    0.00                           _0515_ (net)
                  0.11    0.00   17.73 ^ _2733_/A2 (sky130_fd_sc_hd__o21bai_1)
                  0.07    0.09   17.82 v _2733_/Y (sky130_fd_sc_hd__o21bai_1)
     1    0.01                           _0516_ (net)
                  0.07    0.00   17.82 v _2734_/A2 (sky130_fd_sc_hd__a21oi_1)
                  0.11    0.15   17.98 ^ _2734_/Y (sky130_fd_sc_hd__a21oi_1)
     1    0.00                           _0517_ (net)
                  0.11    0.00   17.98 ^ _2735_/A2 (sky130_fd_sc_hd__o21bai_1)
                  0.06    0.08   18.06 v _2735_/Y (sky130_fd_sc_hd__o21bai_1)
     1    0.00                           _0518_ (net)
                  0.06    0.00   18.06 v _2736_/A2 (sky130_fd_sc_hd__a21oi_1)
                  0.11    0.15   18.21 ^ _2736_/Y (sky130_fd_sc_hd__a21oi_1)
     1    0.00                           _0519_ (net)
                  0.11    0.00   18.21 ^ _2737_/A2 (sky130_fd_sc_hd__o21bai_1)
                  0.05    0.08   18.29 v _2737_/Y (sky130_fd_sc_hd__o21bai_1)
     1    0.00                           _0520_ (net)
                  0.05    0.00   18.29 v _2738_/A2 (sky130_fd_sc_hd__a21oi_1)
                  0.11    0.15   18.44 ^ _2738_/Y (sky130_fd_sc_hd__a21oi_1)
     1    0.00                           _0521_ (net)
                  0.11    0.00   18.44 ^ _2739_/A2 (sky130_fd_sc_hd__o21bai_1)
                  0.05    0.08   18.52 v _2739_/Y (sky130_fd_sc_hd__o21bai_1)
     1    0.00                           _0522_ (net)
                  0.05    0.00   18.52 v _2740_/A2 (sky130_fd_sc_hd__a21oi_1)
                  0.12    0.16   18.68 ^ _2740_/Y (sky130_fd_sc_hd__a21oi_1)
     1    0.00                           _0523_ (net)
                  0.12    0.00   18.68 ^ _2741_/A2 (sky130_fd_sc_hd__o21bai_1)
                  0.05    0.07   18.75 v _2741_/Y (sky130_fd_sc_hd__o21bai_1)
     1    0.00                           _0524_ (net)
                  0.05    0.00   18.75 v _2742_/A2 (sky130_fd_sc_hd__a21oi_1)
                  0.12    0.16   18.91 ^ _2742_/Y (sky130_fd_sc_hd__a21oi_1)
     1    0.00                           _0525_ (net)
                  0.12    0.00   18.91 ^ _2743_/A2 (sky130_fd_sc_hd__o21bai_1)
                  0.05    0.08   18.98 v _2743_/Y (sky130_fd_sc_hd__o21bai_1)
     1    0.00                           _0526_ (net)
                  0.05    0.00   18.98 v _2744_/A2 (sky130_fd_sc_hd__a21oi_1)
                  0.14    0.18   19.16 ^ _2744_/Y (sky130_fd_sc_hd__a21oi_1)
     1    0.00                           _0527_ (net)
                  0.14    0.00   19.16 ^ _2745_/A2 (sky130_fd_sc_hd__o21bai_1)
                  0.05    0.09   19.24 v _2745_/Y (sky130_fd_sc_hd__o21bai_1)
     1    0.00                           _0528_ (net)
                  0.05    0.00   19.24 v _2746_/A2 (sky130_fd_sc_hd__a21oi_1)
                  0.12    0.16   19.41 ^ _2746_/Y (sky130_fd_sc_hd__a21oi_1)
     1    0.00                           _0529_ (net)
                  0.12    0.00   19.41 ^ _2747_/A2 (sky130_fd_sc_hd__o21bai_1)
                  0.05    0.07   19.48 v _2747_/Y (sky130_fd_sc_hd__o21bai_1)
     1    0.00                           _0530_ (net)
                  0.05    0.00   19.48 v _2748_/A2 (sky130_fd_sc_hd__a21oi_1)
                  0.11    0.14   19.62 ^ _2748_/Y (sky130_fd_sc_hd__a21oi_1)
     1    0.00                           _0531_ (net)
                  0.11    0.00   19.62 ^ _2749_/A2 (sky130_fd_sc_hd__o21bai_1)
                  0.07    0.09   19.71 v _2749_/Y (sky130_fd_sc_hd__o21bai_1)
     1    0.01                           _0532_ (net)
                  0.07    0.00   19.71 v _2750_/A2 (sky130_fd_sc_hd__a21oi_1)
                  0.11    0.15   19.87 ^ _2750_/Y (sky130_fd_sc_hd__a21oi_1)
     1    0.00                           _0533_ (net)
                  0.11    0.00   19.87 ^ _2751_/A2 (sky130_fd_sc_hd__o21bai_1)
                  0.06    0.08   19.95 v _2751_/Y (sky130_fd_sc_hd__o21bai_1)
     1    0.00                           _0534_ (net)
                  0.06    0.00   19.95 v _2752_/A2 (sky130_fd_sc_hd__a21oi_1)
                  0.12    0.16   20.11 ^ _2752_/Y (sky130_fd_sc_hd__a21oi_1)
     1    0.00                           _0535_ (net)
                  0.12    0.00   20.11 ^ _2753_/A2 (sky130_fd_sc_hd__o21bai_1)
                  0.05    0.08   20.19 v _2753_/Y (sky130_fd_sc_hd__o21bai_1)
     1    0.00                           _0536_ (net)
                  0.05    0.00   20.20 v _2754_/A2 (sky130_fd_sc_hd__a21oi_1)
                  0.12    0.16   20.35 ^ _2754_/Y (sky130_fd_sc_hd__a21oi_1)
     1    0.00                           _0537_ (net)
                  0.12    0.00   20.35 ^ _2755_/A2 (sky130_fd_sc_hd__o21bai_1)
                  0.06    0.08   20.43 v _2755_/Y (sky130_fd_sc_hd__o21bai_1)
     1    0.00                           _0538_ (net)
                  0.06    0.00   20.43 v _2756_/A2 (sky130_fd_sc_hd__a21oi_1)
                  0.12    0.16   20.59 ^ _2756_/Y (sky130_fd_sc_hd__a21oi_1)
     1    0.00                           _0539_ (net)
                  0.12    0.00   20.59 ^ _2757_/A2 (sky130_fd_sc_hd__o21bai_1)
                  0.06    0.09   20.68 v _2757_/Y (sky130_fd_sc_hd__o21bai_1)
     1    0.00                           _0540_ (net)
                  0.06    0.00   20.68 v _2758_/A2 (sky130_fd_sc_hd__a21oi_1)
                  0.17    0.20   20.89 ^ _2758_/Y (sky130_fd_sc_hd__a21oi_1)
     1    0.01                           _0541_ (net)
                  0.17    0.00   20.89 ^ _2759_/A2 (sky130_fd_sc_hd__o21bai_1)
                  0.06    0.10   20.99 v _2759_/Y (sky130_fd_sc_hd__o21bai_1)
     1    0.00                           _0542_ (net)
                  0.06    0.00   20.99 v _2760_/A2 (sky130_fd_sc_hd__a21oi_1)
                  0.11    0.15   21.14 ^ _2760_/Y (sky130_fd_sc_hd__a21oi_1)
     1    0.00                           _0543_ (net)
                  0.11    0.00   21.14 ^ _2761_/A2 (sky130_fd_sc_hd__o21bai_1)
                  0.06    0.08   21.22 v _2761_/Y (sky130_fd_sc_hd__o21bai_1)
     1    0.00                           _0544_ (net)
                  0.06    0.00   21.22 v _2762_/A2 (sky130_fd_sc_hd__a21oi_1)
                  0.12    0.16   21.39 ^ _2762_/Y (sky130_fd_sc_hd__a21oi_1)
     1    0.00                           _0545_ (net)
                  0.12    0.00   21.39 ^ _2763_/A2 (sky130_fd_sc_hd__o21bai_1)
                  0.05    0.08   21.46 v _2763_/Y (sky130_fd_sc_hd__o21bai_1)
     1    0.00                           _0546_ (net)
                  0.05    0.00   21.46 v _2764_/A2 (sky130_fd_sc_hd__a21oi_1)
                  0.22    0.24   21.70 ^ _2764_/Y (sky130_fd_sc_hd__a21oi_1)
     1    0.01                           _0547_ (net)
                  0.22    0.00   21.70 ^ _2765_/A2 (sky130_fd_sc_hd__o21bai_1)
                  0.05    0.09   21.79 v _2765_/Y (sky130_fd_sc_hd__o21bai_1)
     1    0.00                           _0548_ (net)
                  0.05    0.00   21.79 v _2766_/A2 (sky130_fd_sc_hd__a21oi_1)
                  0.14    0.17   21.97 ^ _2766_/Y (sky130_fd_sc_hd__a21oi_1)
     1    0.00                           _0549_ (net)
                  0.14    0.00   21.97 ^ _2767_/A2 (sky130_fd_sc_hd__o21bai_1)
                  0.05    0.08   22.05 v _2767_/Y (sky130_fd_sc_hd__o21bai_1)
     1    0.00                           _0550_ (net)
                  0.05    0.00   22.05 v _2768_/A2 (sky130_fd_sc_hd__a21oi_1)
                  0.12    0.16   22.20 ^ _2768_/Y (sky130_fd_sc_hd__a21oi_1)
     1    0.00                           _0551_ (net)
                  0.12    0.00   22.20 ^ _2769_/A2 (sky130_fd_sc_hd__o21bai_1)
                  0.06    0.08   22.28 v _2769_/Y (sky130_fd_sc_hd__o21bai_1)
     1    0.00                           _0552_ (net)
                  0.06    0.00   22.28 v _2770_/A2 (sky130_fd_sc_hd__a21oi_1)
                  0.12    0.16   22.44 ^ _2770_/Y (sky130_fd_sc_hd__a21oi_1)
     1    0.00                           _0553_ (net)
                  0.12    0.00   22.44 ^ _2771_/A2 (sky130_fd_sc_hd__o21bai_1)
                  0.05    0.08   22.52 v _2771_/Y (sky130_fd_sc_hd__o21bai_1)
     1    0.00                           _0554_ (net)
                  0.05    0.00   22.52 v _2772_/A2 (sky130_fd_sc_hd__a21oi_1)
                  0.11    0.15   22.66 ^ _2772_/Y (sky130_fd_sc_hd__a21oi_1)
     1    0.00                           _0555_ (net)
                  0.11    0.00   22.66 ^ _2773_/A2 (sky130_fd_sc_hd__o21bai_1)
                  0.05    0.07   22.74 v _2773_/Y (sky130_fd_sc_hd__o21bai_1)
     1    0.00                           _0556_ (net)
                  0.05    0.00   22.74 v _2774_/A2 (sky130_fd_sc_hd__a21oi_1)
                  0.12    0.16   22.90 ^ _2774_/Y (sky130_fd_sc_hd__a21oi_1)
     1    0.00                           _0557_ (net)
                  0.12    0.00   22.90 ^ _2775_/A2 (sky130_fd_sc_hd__o21bai_1)
                  0.06    0.08   22.98 v _2775_/Y (sky130_fd_sc_hd__o21bai_1)
     1    0.00                           _0558_ (net)
                  0.06    0.00   22.98 v _2776_/A2 (sky130_fd_sc_hd__a21oi_1)
                  0.11    0.15   23.14 ^ _2776_/Y (sky130_fd_sc_hd__a21oi_1)
     1    0.00                           _0559_ (net)
                  0.11    0.00   23.14 ^ _2777_/A2 (sky130_fd_sc_hd__o21bai_1)
                  0.07    0.09   23.23 v _2777_/Y (sky130_fd_sc_hd__o21bai_1)
     1    0.01                           _0560_ (net)
                  0.07    0.00   23.23 v _2778_/A2 (sky130_fd_sc_hd__a21oi_1)
                  0.11    0.16   23.39 ^ _2778_/Y (sky130_fd_sc_hd__a21oi_1)
     1    0.00                           _0561_ (net)
                  0.11    0.00   23.39 ^ _2779_/A2 (sky130_fd_sc_hd__o21bai_1)
                  0.05    0.07   23.46 v _2779_/Y (sky130_fd_sc_hd__o21bai_1)
     1    0.00                           _0562_ (net)
                  0.05    0.00   23.46 v _2780_/A2 (sky130_fd_sc_hd__a21oi_1)
                  0.12    0.16   23.61 ^ _2780_/Y (sky130_fd_sc_hd__a21oi_1)
     1    0.00                           _0563_ (net)
                  0.12    0.00   23.61 ^ _2781_/A2 (sky130_fd_sc_hd__o21bai_1)
                  0.06    0.09   23.71 v _2781_/Y (sky130_fd_sc_hd__o21bai_1)
     1    0.01                           _0564_ (net)
                  0.06    0.00   23.71 v _3171_/A1 (sky130_fd_sc_hd__a21oi_2)
                  0.15    0.17   23.88 ^ _3171_/Y (sky130_fd_sc_hd__a21oi_2)
     1    0.01                           _0954_ (net)
                  0.15    0.00   23.88 ^ _3361_/A2 (sky130_fd_sc_hd__o21bai_4)
                  0.04    0.06   23.94 v _3361_/Y (sky130_fd_sc_hd__o21bai_4)
     1    0.00                           net1025 (net)
                  0.04    0.00   23.94 v output1025/A (sky130_fd_sc_hd__clkbuf_4)
                  0.08    0.19   24.13 v output1025/X (sky130_fd_sc_hd__clkbuf_4)
     1    0.03                           out_code[0] (net)
                  0.08    0.00   24.13 v out_code[0] (out)
                                 24.13   data arrival time

                  0.00   40.00   40.00   clock __VIRTUAL_CLK__ (rise edge)
                          0.00   40.00   clock network delay (ideal)
                         -0.25   39.75   clock uncertainty
                          0.00   39.75   clock reconvergence pessimism
                         -8.00   31.75   output external delay
                                 31.75   data required time
-----------------------------------------------------------------------------
                                 31.75   data required time
                                -24.13   data arrival time
-----------------------------------------------------------------------------
                                  7.62   slack (MET)


Startpoint: in_data[17] (input port clocked by __VIRTUAL_CLK__)
Endpoint: out_code[2] (output port clocked by __VIRTUAL_CLK__)
Path Group: __VIRTUAL_CLK__
Path Type: max

Fanout     Cap    Slew   Delay    Time   Description
-----------------------------------------------------------------------------
                  0.00    0.00    0.00   clock __VIRTUAL_CLK__ (rise edge)
                          0.00    0.00   clock network delay (ideal)
                          8.00    8.00 v input external delay
                  0.02    0.01    8.01 v in_data[17] (in)
     1    0.01                           in_data[17] (net)
                  0.02    0.00    8.01 v input113/A (sky130_fd_sc_hd__buf_8)
                  0.07    0.14    8.16 v input113/X (sky130_fd_sc_hd__buf_8)
     4    0.09                           net113 (net)
                  0.11    0.04    8.20 v _4079_/B (sky130_fd_sc_hd__or4_1)
                  0.12    0.60    8.80 v _4079_/X (sky130_fd_sc_hd__or4_1)
     3    0.01                           _1860_ (net)
                  0.12    0.00    8.80 v _4083_/A1 (sky130_fd_sc_hd__o21ba_1)
                  0.04    0.22    9.02 v _4083_/X (sky130_fd_sc_hd__o21ba_1)
     1    0.00                           _1864_ (net)
                  0.04    0.00    9.02 v _4084_/A2 (sky130_fd_sc_hd__o21ba_1)
                  0.04    0.18    9.20 v _4084_/X (sky130_fd_sc_hd__o21ba_1)
     1    0.00                           _1865_ (net)
                  0.04    0.00    9.20 v _4085_/A2 (sky130_fd_sc_hd__o211a_1)
                  0.04    0.22    9.41 v _4085_/X (sky130_fd_sc_hd__o211a_1)
     1    0.00                           _1866_ (net)
                  0.04    0.00    9.41 v _4087_/A2 (sky130_fd_sc_hd__o21a_1)
                  0.04    0.18    9.59 v _4087_/X (sky130_fd_sc_hd__o21a_1)
     1    0.00                           _1868_ (net)
                  0.04    0.00    9.59 v _4089_/A4 (sky130_fd_sc_hd__o41a_1)
                  0.07    0.33    9.92 v _4089_/X (sky130_fd_sc_hd__o41a_1)
     1    0.00                           _1870_ (net)
                  0.07    0.00    9.92 v _4091_/A2 (sky130_fd_sc_hd__o21ba_1)
                  0.04    0.19   10.11 v _4091_/X (sky130_fd_sc_hd__o21ba_1)
     1    0.00                           _1872_ (net)
                  0.04    0.00   10.11 v _4093_/A2 (sky130_fd_sc_hd__o211a_1)
                  0.04    0.21   10.32 v _4093_/X (sky130_fd_sc_hd__o211a_1)
     1    0.00                           _1874_ (net)
                  0.04    0.00   10.32 v _4095_/A2 (sky130_fd_sc_hd__o21ba_1)
                  0.03    0.16   10.48 v _4095_/X (sky130_fd_sc_hd__o21ba_1)
     1    0.00                           _1876_ (net)
                  0.03    0.00   10.48 v _4096_/A2 (sky130_fd_sc_hd__o21ba_1)
                  0.04    0.17   10.65 v _4096_/X (sky130_fd_sc_hd__o21ba_1)
     1    0.00                           _1877_ (net)
                  0.04    0.00   10.65 v _4097_/C (sky130_fd_sc_hd__or3_1)
                  0.07    0.32   10.97 v _4097_/X (sky130_fd_sc_hd__or3_1)
     1    0.00                           _1878_ (net)
                  0.07    0.00   10.97 v _4099_/A3 (sky130_fd_sc_hd__o31a_1)
                  0.06    0.27   11.24 v _4099_/X (sky130_fd_sc_hd__o31a_1)
     1    0.01                           _1880_ (net)
                  0.06    0.00   11.24 v _4101_/A2 (sky130_fd_sc_hd__o21ba_1)
                  0.04    0.18   11.42 v _4101_/X (sky130_fd_sc_hd__o21ba_1)
     1    0.00                           _1882_ (net)
                  0.04    0.00   11.42 v _4102_/A2 (sky130_fd_sc_hd__o21ba_1)
                  0.04    0.18   11.60 v _4102_/X (sky130_fd_sc_hd__o21ba_1)
     1    0.00                           _1883_ (net)
                  0.04    0.00   11.60 v _4104_/A2 (sky130_fd_sc_hd__o21bai_1)
                  0.13    0.14   11.74 ^ _4104_/Y (sky130_fd_sc_hd__o21bai_1)
     1    0.00                           _1885_ (net)
                  0.13    0.00   11.74 ^ _4107_/A1 (sky130_fd_sc_hd__a21boi_1)
                  0.08    0.09   11.83 v _4107_/Y (sky130_fd_sc_hd__a21boi_1)
     1    0.00                           _1888_ (net)
                  0.08    0.00   11.83 v _4109_/A2 (sky130_fd_sc_hd__o21ba_1)
                  0.04    0.19   12.01 v _4109_/X (sky130_fd_sc_hd__o21ba_1)
     1    0.00                           _1890_ (net)
                  0.04    0.00   12.01 v _4110_/A2 (sky130_fd_sc_hd__o21ba_1)
                  0.04    0.17   12.19 v _4110_/X (sky130_fd_sc_hd__o21ba_1)
     1    0.00                           _1891_ (net)
                  0.04    0.00   12.19 v _4112_/A2 (sky130_fd_sc_hd__o21ba_1)
                  0.04    0.17   12.36 v _4112_/X (sky130_fd_sc_hd__o21ba_1)
     1    0.00                           _1893_ (net)
                  0.04    0.00   12.36 v _4114_/A2 (sky130_fd_sc_hd__o21a_1)
                  0.04    0.18   12.54 v _4114_/X (sky130_fd_sc_hd__o21a_1)
     1    0.00                           _1895_ (net)
                  0.04    0.00   12.54 v _4115_/A2 (sky130_fd_sc_hd__o21ba_1)
                  0.04    0.18   12.71 v _4115_/X (sky130_fd_sc_hd__o21ba_1)
     1    0.00                           _1896_ (net)
                  0.04    0.00   12.71 v _4116_/A2 (sky130_fd_sc_hd__o211a_1)
                  0.04    0.20   12.92 v _4116_/X (sky130_fd_sc_hd__o211a_1)
     1    0.00                           _1897_ (net)
                  0.04    0.00   12.92 v _4117_/A2 (sky130_fd_sc_hd__o21ba_1)
                  0.03    0.17   13.08 v _4117_/X (sky130_fd_sc_hd__o21ba_1)
     1    0.00                           _1898_ (net)
                  0.03    0.00   13.08 v _4118_/C (sky130_fd_sc_hd__or4b_1)
                  0.09    0.49   13.57 v _4118_/X (sky130_fd_sc_hd__or4b_1)
     1    0.00                           _1899_ (net)
                  0.09    0.00   13.57 v _4120_/A1 (sky130_fd_sc_hd__a31o_1)
                  0.04    0.19   13.77 v _4120_/X (sky130_fd_sc_hd__a31o_1)
     1    0.00                           _1901_ (net)
                  0.04    0.00   13.77 v _4121_/D_N (sky130_fd_sc_hd__or4b_1)
                  0.05    0.17   13.94 ^ _4121_/X (sky130_fd_sc_hd__or4b_1)
     1    0.00                           _1902_ (net)
                  0.05    0.00   13.94 ^ _4124_/A1 (sky130_fd_sc_hd__a21o_1)
                  0.03    0.10   14.04 ^ _4124_/X (sky130_fd_sc_hd__a21o_1)
     1    0.00                           _1905_ (net)
                  0.03    0.00   14.04 ^ _4125_/D (sky130_fd_sc_hd__and4bb_1)
                  0.06    0.20   14.24 ^ _4125_/X (sky130_fd_sc_hd__and4bb_1)
     1    0.00                           _1906_ (net)
                  0.06    0.00   14.24 ^ _4127_/A2 (sky130_fd_sc_hd__o21ba_1)
                  0.04    0.12   14.35 ^ _4127_/X (sky130_fd_sc_hd__o21ba_1)
     1    0.00                           _1908_ (net)
                  0.04    0.00   14.35 ^ _4129_/A2 (sky130_fd_sc_hd__o21ba_1)
                  0.05    0.12   14.47 ^ _4129_/X (sky130_fd_sc_hd__o21ba_1)
     1    0.00                           _1910_ (net)
                  0.05    0.00   14.47 ^ _4131_/A2 (sky130_fd_sc_hd__o21ba_1)
                  0.05    0.12   14.59 ^ _4131_/X (sky130_fd_sc_hd__o21ba_1)
     1    0.00                           _1912_ (net)
                  0.05    0.00   14.59 ^ _4133_/A2 (sky130_fd_sc_hd__o21ba_1)
                  0.04    0.11   14.71 ^ _4133_/X (sky130_fd_sc_hd__o21ba_1)
     1    0.00                           _1914_ (net)
                  0.04    0.00   14.71 ^ _4134_/A2 (sky130_fd_sc_hd__o211a_1)
                  0.06    0.15   14.85 ^ _4134_/X (sky130_fd_sc_hd__o211a_1)
     1    0.00                           _1915_ (net)
                  0.06    0.00   14.85 ^ _4135_/A2 (sky130_fd_sc_hd__o21a_1)
                  0.04    0.11   14.96 ^ _4135_/X (sky130_fd_sc_hd__o21a_1)
     1    0.00                           _1916_ (net)
                  0.04    0.00   14.96 ^ _4136_/C1 (sky130_fd_sc_hd__a211o_1)
                  0.04    0.08   15.04 ^ _4136_/X (sky130_fd_sc_hd__a211o_1)
     1    0.00                           _1917_ (net)
                  0.04    0.00   15.04 ^ _4137_/C1 (sky130_fd_sc_hd__o211a_1)
                  0.06    0.15   15.19 ^ _4137_/X (sky130_fd_sc_hd__o211a_1)
     1    0.01                           _1918_ (net)
                  0.06    0.00   15.19 ^ _4138_/C (sky130_fd_sc_hd__or3_1)
                  0.11    0.15   15.34 ^ _4138_/X (sky130_fd_sc_hd__or3_1)
     1    0.01                           _1919_ (net)
                  0.11    0.00   15.35 ^ _4139_/A (sky130_fd_sc_hd__buf_4)
                  0.02    0.12   15.46 ^ _4139_/X (sky130_fd_sc_hd__buf_4)
     1    0.00                           net1027 (net)
                  0.02    0.00   15.46 ^ output1027/A (sky130_fd_sc_hd__clkbuf_4)
                  0.11    0.19   15.65 ^ output1027/X (sky130_fd_sc_hd__clkbuf_4)
     1    0.03                           out_code[2] (net)
                  0.11    0.00   15.65 ^ out_code[2] (out)
                                 15.65   data arrival time

                  0.00   40.00   40.00   clock __VIRTUAL_CLK__ (rise edge)
                          0.00   40.00   clock network delay (ideal)
                         -0.25   39.75   clock uncertainty
                          0.00   39.75   clock reconvergence pessimism
                         -8.00   31.75   output external delay
                                 31.75   data required time
-----------------------------------------------------------------------------
                                 31.75   data required time
                                -15.65   data arrival time
-----------------------------------------------------------------------------
                                 16.10   slack (MET)


Startpoint: in_data[800] (input port clocked by __VIRTUAL_CLK__)
Endpoint: out_code[3] (output port clocked by __VIRTUAL_CLK__)
Path Group: __VIRTUAL_CLK__
Path Type: max

Fanout     Cap    Slew   Delay    Time   Description
-----------------------------------------------------------------------------
                  0.00    0.00    0.00   clock __VIRTUAL_CLK__ (rise edge)
                          0.00    0.00   clock network delay (ideal)
                          8.00    8.00 v input external delay
                  0.02    0.01    8.01 v in_data[800] (in)
     1    0.01                           in_data[800] (net)
                  0.02    0.00    8.01 v input803/A (sky130_fd_sc_hd__buf_8)
                  0.07    0.15    8.16 v input803/X (sky130_fd_sc_hd__buf_8)
     4    0.10                           net803 (net)
                  0.12    0.05    8.21 v _3859_/A (sky130_fd_sc_hd__or4_1)
                  0.11    0.61    8.82 v _3859_/X (sky130_fd_sc_hd__or4_1)
     2    0.01                           _1640_ (net)
                  0.11    0.00    8.82 v _4233_/B (sky130_fd_sc_hd__or4b_1)
                  0.12    0.59    9.41 v _4233_/X (sky130_fd_sc_hd__or4b_1)
     3    0.01                           _2013_ (net)
                  0.12    0.00    9.41 v _4238_/A1 (sky130_fd_sc_hd__o21ba_1)
                  0.04    0.22    9.63 v _4238_/X (sky130_fd_sc_hd__o21ba_1)
     1    0.00                           _2018_ (net)
                  0.04    0.00    9.63 v _4240_/A3 (sky130_fd_sc_hd__o311a_1)
                  0.06    0.30    9.93 v _4240_/X (sky130_fd_sc_hd__o311a_1)
     1    0.00                           _2020_ (net)
                  0.06    0.00    9.93 v _4241_/A3 (sky130_fd_sc_hd__o311a_1)
                  0.06    0.31   10.24 v _4241_/X (sky130_fd_sc_hd__o311a_1)
     1    0.00                           _2021_ (net)
                  0.06    0.00   10.24 v _4242_/A3 (sky130_fd_sc_hd__o311a_1)
                  0.06    0.31   10.55 v _4242_/X (sky130_fd_sc_hd__o311a_1)
     1    0.00                           _2022_ (net)
                  0.06    0.00   10.55 v _4243_/A3 (sky130_fd_sc_hd__o311ai_2)
                  0.25    0.25   10.80 ^ _4243_/Y (sky130_fd_sc_hd__o311ai_2)
     1    0.01                           _2023_ (net)
                  0.25    0.00   10.80 ^ _4244_/A1 (sky130_fd_sc_hd__a311o_1)
                  0.07    0.23   11.03 ^ _4244_/X (sky130_fd_sc_hd__a311o_1)
     1    0.00                           _2024_ (net)
                  0.07    0.00   11.03 ^ _4245_/A1 (sky130_fd_sc_hd__a311o_1)
                  0.09    0.19   11.22 ^ _4245_/X (sky130_fd_sc_hd__a311o_1)
     1    0.01                           _2025_ (net)
                  0.09    0.00   11.22 ^ _4247_/A1 (sky130_fd_sc_hd__a211o_1)
                  0.05    0.14   11.36 ^ _4247_/X (sky130_fd_sc_hd__a211o_1)
     1    0.00                           _2027_ (net)
                  0.05    0.00   11.36 ^ _4249_/A1 (sky130_fd_sc_hd__a31o_1)
                  0.04    0.12   11.48 ^ _4249_/X (sky130_fd_sc_hd__a31o_1)
     1    0.00                           _2029_ (net)
                  0.04    0.00   11.48 ^ _4250_/D_N (sky130_fd_sc_hd__or4b_1)
                  0.09    0.46   11.94 v _4250_/X (sky130_fd_sc_hd__or4b_1)
     1    0.00                           _2030_ (net)
                  0.09    0.00   11.94 v _4251_/A1 (sky130_fd_sc_hd__a311o_1)
                  0.06    0.30   12.24 v _4251_/X (sky130_fd_sc_hd__a311o_1)
     1    0.00                           _2031_ (net)
                  0.06    0.00   12.24 v _4253_/A1 (sky130_fd_sc_hd__a2111o_1)
                  0.06    0.37   12.61 v _4253_/X (sky130_fd_sc_hd__a2111o_1)
     1    0.00                           _2033_ (net)
                  0.06    0.00   12.61 v _4255_/A1 (sky130_fd_sc_hd__a211o_1)
                  0.05    0.27   12.88 v _4255_/X (sky130_fd_sc_hd__a211o_1)
     1    0.00                           _2035_ (net)
                  0.05    0.00   12.88 v _4257_/A1 (sky130_fd_sc_hd__a211o_1)
                  0.05    0.27   13.15 v _4257_/X (sky130_fd_sc_hd__a211o_1)
     1    0.00                           _2037_ (net)
                  0.05    0.00   13.15 v _4258_/D_N (sky130_fd_sc_hd__or4b_1)
                  0.06    0.18   13.34 ^ _4258_/X (sky130_fd_sc_hd__or4b_1)
     1    0.01                           _2038_ (net)
                  0.06    0.00   13.34 ^ _4259_/A (sky130_fd_sc_hd__clkbuf_8)
                  0.13    0.19   13.53 ^ _4259_/X (sky130_fd_sc_hd__clkbuf_8)
     1    0.07                           net1028 (net)
                  0.13    0.03   13.55 ^ output1028/A (sky130_fd_sc_hd__clkbuf_4)
                  0.12    0.23   13.78 ^ output1028/X (sky130_fd_sc_hd__clkbuf_4)
     1    0.04                           out_code[3] (net)
                  0.12    0.00   13.79 ^ out_code[3] (out)
                                 13.79   data arrival time

                  0.00   40.00   40.00   clock __VIRTUAL_CLK__ (rise edge)
                          0.00   40.00   clock network delay (ideal)
                         -0.25   39.75   clock uncertainty
                          0.00   39.75   clock reconvergence pessimism
                         -8.00   31.75   output external delay
                                 31.75   data required time
-----------------------------------------------------------------------------
                                 31.75   data required time
                                -13.79   data arrival time
-----------------------------------------------------------------------------
                                 17.96   slack (MET)


Startpoint: in_data[162] (input port clocked by __VIRTUAL_CLK__)
Endpoint: out_code[5] (output port clocked by __VIRTUAL_CLK__)
Path Group: __VIRTUAL_CLK__
Path Type: max

Fanout     Cap    Slew   Delay    Time   Description
-----------------------------------------------------------------------------
                  0.00    0.00    0.00   clock __VIRTUAL_CLK__ (rise edge)
                          0.00    0.00   clock network delay (ideal)
                          8.00    8.00 v input external delay
                  0.02    0.01    8.01 v in_data[162] (in)
     1    0.01                           in_data[162] (net)
                  0.02    0.00    8.01 v input94/A (sky130_fd_sc_hd__buf_8)
                  0.07    0.15    8.16 v input94/X (sky130_fd_sc_hd__buf_8)
     4    0.09                           net94 (net)
                  0.11    0.04    8.20 v _2868_/C (sky130_fd_sc_hd__or4_1)
                  0.12    0.56    8.77 v _2868_/X (sky130_fd_sc_hd__or4_1)
     1    0.01                           _0651_ (net)
                  0.12    0.00    8.77 v _2870_/C (sky130_fd_sc_hd__or4b_1)
                  0.08    0.50    9.27 v _2870_/X (sky130_fd_sc_hd__or4b_1)
     1    0.00                           _0653_ (net)
                  0.08    0.00    9.27 v _2878_/A (sky130_fd_sc_hd__or4_1)
                  0.08    0.54    9.81 v _2878_/X (sky130_fd_sc_hd__or4_1)
     1    0.00                           _0661_ (net)
                  0.08    0.00    9.81 v _2879_/D (sky130_fd_sc_hd__or4_1)
                  0.08    0.41   10.22 v _2879_/X (sky130_fd_sc_hd__or4_1)
     1    0.00                           _0662_ (net)
                  0.08    0.00   10.22 v _2880_/D (sky130_fd_sc_hd__or4_1)
                  0.08    0.41   10.64 v _2880_/X (sky130_fd_sc_hd__or4_1)
     1    0.00                           _0663_ (net)
                  0.08    0.00   10.64 v _2881_/C (sky130_fd_sc_hd__or3_1)
                  0.06    0.32   10.95 v _2881_/X (sky130_fd_sc_hd__or3_1)
     1    0.00                           _0664_ (net)
                  0.06    0.00   10.95 v _2882_/C (sky130_fd_sc_hd__nor3_1)
                  0.14    0.13   11.08 ^ _2882_/Y (sky130_fd_sc_hd__nor3_1)
     1    0.00                           _0665_ (net)
                  0.14    0.00   11.08 ^ wire1038/A (sky130_fd_sc_hd__clkbuf_2)
                  0.07    0.16   11.24 ^ wire1038/X (sky130_fd_sc_hd__clkbuf_2)
     2    0.01                           net1038 (net)
                  0.07    0.00   11.24 ^ _2974_/A (sky130_fd_sc_hd__or2b_2)
                  0.09    0.16   11.40 ^ _2974_/X (sky130_fd_sc_hd__or2b_2)
     3    0.02                           _0757_ (net)
                  0.09    0.00   11.40 ^ _4380_/B1 (sky130_fd_sc_hd__a21oi_1)
                  0.12    0.08   11.48 v _4380_/Y (sky130_fd_sc_hd__a21oi_1)
     1    0.01                           _2158_ (net)
                  0.12    0.00   11.48 v _4381_/D (sky130_fd_sc_hd__or4_1)
                  0.09    0.45   11.93 v _4381_/X (sky130_fd_sc_hd__or4_1)
     1    0.00                           _2159_ (net)
                  0.09    0.00   11.93 v _4382_/B1 (sky130_fd_sc_hd__a31o_1)
                  0.03    0.20   12.13 v _4382_/X (sky130_fd_sc_hd__a31o_1)
     1    0.00                           _2160_ (net)
                  0.03    0.00   12.13 v _4395_/A2 (sky130_fd_sc_hd__o211a_1)
                  0.03    0.20   12.32 v _4395_/X (sky130_fd_sc_hd__o211a_1)
     1    0.00                           _2173_ (net)
                  0.03    0.00   12.32 v _4404_/B (sky130_fd_sc_hd__or4b_1)
                  0.12    0.57   12.89 v _4404_/X (sky130_fd_sc_hd__or4b_1)
     1    0.01                           _2182_ (net)
                  0.12    0.00   12.89 v _4405_/A (sky130_fd_sc_hd__buf_8)
                  0.02    0.15   13.04 v _4405_/X (sky130_fd_sc_hd__buf_8)
     1    0.00                           net1030 (net)
                  0.02    0.00   13.04 v output1030/A (sky130_fd_sc_hd__clkbuf_4)
                  0.08    0.18   13.22 v output1030/X (sky130_fd_sc_hd__clkbuf_4)
     1    0.03                           out_code[5] (net)
                  0.08    0.00   13.22 v out_code[5] (out)
                                 13.22   data arrival time

                  0.00   40.00   40.00   clock __VIRTUAL_CLK__ (rise edge)
                          0.00   40.00   clock network delay (ideal)
                         -0.25   39.75   clock uncertainty
                          0.00   39.75   clock reconvergence pessimism
                         -8.00   31.75   output external delay
                                 31.75   data required time
-----------------------------------------------------------------------------
                                 31.75   data required time
                                -13.22   data arrival time
-----------------------------------------------------------------------------
                                 18.53   slack (MET)


Startpoint: in_data[162] (input port clocked by __VIRTUAL_CLK__)
Endpoint: out_code[4] (output port clocked by __VIRTUAL_CLK__)
Path Group: __VIRTUAL_CLK__
Path Type: max

Fanout     Cap    Slew   Delay    Time   Description
-----------------------------------------------------------------------------
                  0.00    0.00    0.00   clock __VIRTUAL_CLK__ (rise edge)
                          0.00    0.00   clock network delay (ideal)
                          8.00    8.00 v input external delay
                  0.02    0.01    8.01 v in_data[162] (in)
     1    0.01                           in_data[162] (net)
                  0.02    0.00    8.01 v input94/A (sky130_fd_sc_hd__buf_8)
                  0.07    0.15    8.16 v input94/X (sky130_fd_sc_hd__buf_8)
     4    0.09                           net94 (net)
                  0.11    0.04    8.20 v _2868_/C (sky130_fd_sc_hd__or4_1)
                  0.12    0.56    8.77 v _2868_/X (sky130_fd_sc_hd__or4_1)
     1    0.01                           _0651_ (net)
                  0.12    0.00    8.77 v _2870_/C (sky130_fd_sc_hd__or4b_1)
                  0.08    0.50    9.27 v _2870_/X (sky130_fd_sc_hd__or4b_1)
     1    0.00                           _0653_ (net)
                  0.08    0.00    9.27 v _2878_/A (sky130_fd_sc_hd__or4_1)
                  0.08    0.54    9.81 v _2878_/X (sky130_fd_sc_hd__or4_1)
     1    0.00                           _0661_ (net)
                  0.08    0.00    9.81 v _2879_/D (sky130_fd_sc_hd__or4_1)
                  0.08    0.41   10.22 v _2879_/X (sky130_fd_sc_hd__or4_1)
     1    0.00                           _0662_ (net)
                  0.08    0.00   10.22 v _2880_/D (sky130_fd_sc_hd__or4_1)
                  0.08    0.41   10.64 v _2880_/X (sky130_fd_sc_hd__or4_1)
     1    0.00                           _0663_ (net)
                  0.08    0.00   10.64 v _2881_/C (sky130_fd_sc_hd__or3_1)
                  0.06    0.32   10.95 v _2881_/X (sky130_fd_sc_hd__or3_1)
     1    0.00                           _0664_ (net)
                  0.06    0.00   10.95 v _2882_/C (sky130_fd_sc_hd__nor3_1)
                  0.14    0.13   11.08 ^ _2882_/Y (sky130_fd_sc_hd__nor3_1)
     1    0.00                           _0665_ (net)
                  0.14    0.00   11.08 ^ wire1038/A (sky130_fd_sc_hd__clkbuf_2)
                  0.07    0.16   11.24 ^ wire1038/X (sky130_fd_sc_hd__clkbuf_2)
     2    0.01                           net1038 (net)
                  0.07    0.00   11.24 ^ _2974_/A (sky130_fd_sc_hd__or2b_2)
                  0.09    0.16   11.40 ^ _2974_/X (sky130_fd_sc_hd__or2b_2)
     3    0.02                           _0757_ (net)
                  0.09    0.00   11.40 ^ _2975_/A (sky130_fd_sc_hd__inv_2)
                  0.05    0.07   11.47 v _2975_/Y (sky130_fd_sc_hd__inv_2)
     4    0.02                           _0758_ (net)
                  0.05    0.00   11.47 v _4334_/B1 (sky130_fd_sc_hd__o21a_1)
                  0.06    0.13   11.60 v _4334_/X (sky130_fd_sc_hd__o21a_1)
     1    0.01                           _2113_ (net)
                  0.06    0.00   11.60 v _4335_/D1 (sky130_fd_sc_hd__a2111o_1)
                  0.06    0.29   11.89 v _4335_/X (sky130_fd_sc_hd__a2111o_1)
     1    0.00                           _2114_ (net)
                  0.06    0.00   11.89 v _4336_/C1 (sky130_fd_sc_hd__o211a_1)
                  0.03    0.11   11.99 v _4336_/X (sky130_fd_sc_hd__o211a_1)
     1    0.00                           _2115_ (net)
                  0.03    0.00   11.99 v _4358_/C (sky130_fd_sc_hd__or4b_1)
                  0.09    0.50   12.49 v _4358_/X (sky130_fd_sc_hd__or4b_1)
     1    0.00                           _2137_ (net)
                  0.09    0.00   12.49 v _4359_/A (sky130_fd_sc_hd__clkbuf_8)
                  0.08    0.21   12.69 v _4359_/X (sky130_fd_sc_hd__clkbuf_8)
     1    0.07                           net1029 (net)
                  0.10    0.02   12.72 v output1029/A (sky130_fd_sc_hd__clkbuf_4)
                  0.08    0.22   12.93 v output1029/X (sky130_fd_sc_hd__clkbuf_4)
     1    0.03                           out_code[4] (net)
                  0.08    0.00   12.94 v out_code[4] (out)
                                 12.94   data arrival time

                  0.00   40.00   40.00   clock __VIRTUAL_CLK__ (rise edge)
                          0.00   40.00   clock network delay (ideal)
                         -0.25   39.75   clock uncertainty
                          0.00   39.75   clock reconvergence pessimism
                         -8.00   31.75   output external delay
                                 31.75   data required time
-----------------------------------------------------------------------------
                                 31.75   data required time
                                -12.94   data arrival time
-----------------------------------------------------------------------------
                                 18.81   slack (MET)


Startpoint: in_data[743] (input port clocked by __VIRTUAL_CLK__)
Endpoint: out_code[7] (output port clocked by __VIRTUAL_CLK__)
Path Group: __VIRTUAL_CLK__
Path Type: max

Fanout     Cap    Slew   Delay    Time   Description
-----------------------------------------------------------------------------
                  0.00    0.00    0.00   clock __VIRTUAL_CLK__ (rise edge)
                          0.00    0.00   clock network delay (ideal)
                          8.00    8.00 v input external delay
                  0.02    0.01    8.01 v in_data[743] (in)
     1    0.01                           in_data[743] (net)
                  0.02    0.00    8.01 v input739/A (sky130_fd_sc_hd__buf_8)
                  0.07    0.14    8.16 v input739/X (sky130_fd_sc_hd__buf_8)
     5    0.10                           net739 (net)
                  0.12    0.05    8.20 v _2468_/A (sky130_fd_sc_hd__or4_2)
                  0.13    0.76    8.97 v _2468_/X (sky130_fd_sc_hd__or4_2)
     3    0.01                           _0251_ (net)
                  0.13    0.00    8.97 v _2470_/C (sky130_fd_sc_hd__or4_1)
                  0.08    0.50    9.47 v _2470_/X (sky130_fd_sc_hd__or4_1)
     1    0.00                           _0253_ (net)
                  0.08    0.00    9.47 v _2471_/D (sky130_fd_sc_hd__or4_1)
                  0.09    0.43    9.90 v _2471_/X (sky130_fd_sc_hd__or4_1)
     1    0.00                           _0254_ (net)
                  0.09    0.00    9.90 v _2472_/D (sky130_fd_sc_hd__or4_1)
                  0.09    0.44   10.34 v _2472_/X (sky130_fd_sc_hd__or4_1)
     1    0.00                           _0255_ (net)
                  0.09    0.00   10.34 v _2494_/B (sky130_fd_sc_hd__or3_1)
                  0.08    0.39   10.73 v _2494_/X (sky130_fd_sc_hd__or3_1)
     2    0.00                           _0277_ (net)
                  0.08    0.00   10.73 v _2495_/C (sky130_fd_sc_hd__nor3_1)
                  0.18    0.16   10.90 ^ _2495_/Y (sky130_fd_sc_hd__nor3_1)
     2    0.00                           _0278_ (net)
                  0.18    0.00   10.90 ^ _3166_/A (sky130_fd_sc_hd__clkbuf_4)
                  0.10    0.23   11.12 ^ _3166_/X (sky130_fd_sc_hd__clkbuf_4)
     6    0.03                           _0949_ (net)
                  0.10    0.00   11.12 ^ _3167_/A (sky130_fd_sc_hd__inv_2)
                  0.03    0.05   11.17 v _3167_/Y (sky130_fd_sc_hd__inv_2)
     2    0.01                           _0950_ (net)
                  0.03    0.00   11.17 v _3168_/A (sky130_fd_sc_hd__buf_2)
                  0.06    0.15   11.32 v _3168_/X (sky130_fd_sc_hd__buf_2)
     6    0.02                           _0951_ (net)
                  0.06    0.00   11.32 v _4435_/A1 (sky130_fd_sc_hd__o311a_1)
                  0.05    0.36   11.68 v _4435_/X (sky130_fd_sc_hd__o311a_1)
     1    0.00                           _2211_ (net)
                  0.05    0.00   11.68 v _4439_/B (sky130_fd_sc_hd__or4b_4)
                  0.11    0.59   12.27 v _4439_/X (sky130_fd_sc_hd__or4b_4)
     1    0.02                           _2215_ (net)
                  0.11    0.00   12.28 v _4440_/A (sky130_fd_sc_hd__clkbuf_4)
                  0.02    0.16   12.44 v _4440_/X (sky130_fd_sc_hd__clkbuf_4)
     1    0.00                           net1032 (net)
                  0.02    0.00   12.44 v output1032/A (sky130_fd_sc_hd__clkbuf_4)
                  0.08    0.18   12.62 v output1032/X (sky130_fd_sc_hd__clkbuf_4)
     1    0.03                           out_code[7] (net)
                  0.08    0.00   12.62 v out_code[7] (out)
                                 12.62   data arrival time

                  0.00   40.00   40.00   clock __VIRTUAL_CLK__ (rise edge)
                          0.00   40.00   clock network delay (ideal)
                         -0.25   39.75   clock uncertainty
                          0.00   39.75   clock reconvergence pessimism
                         -8.00   31.75   output external delay
                                 31.75   data required time
-----------------------------------------------------------------------------
                                 31.75   data required time
                                -12.62   data arrival time
-----------------------------------------------------------------------------
                                 19.13   slack (MET)


Startpoint: in_data[743] (input port clocked by __VIRTUAL_CLK__)
Endpoint: out_code[9] (output port clocked by __VIRTUAL_CLK__)
Path Group: __VIRTUAL_CLK__
Path Type: max

Fanout     Cap    Slew   Delay    Time   Description
-----------------------------------------------------------------------------
                  0.00    0.00    0.00   clock __VIRTUAL_CLK__ (rise edge)
                          0.00    0.00   clock network delay (ideal)
                          8.00    8.00 v input external delay
                  0.02    0.01    8.01 v in_data[743] (in)
     1    0.01                           in_data[743] (net)
                  0.02    0.00    8.01 v input739/A (sky130_fd_sc_hd__buf_8)
                  0.07    0.14    8.16 v input739/X (sky130_fd_sc_hd__buf_8)
     5    0.10                           net739 (net)
                  0.12    0.05    8.20 v _2468_/A (sky130_fd_sc_hd__or4_2)
                  0.13    0.76    8.97 v _2468_/X (sky130_fd_sc_hd__or4_2)
     3    0.01                           _0251_ (net)
                  0.13    0.00    8.97 v _2470_/C (sky130_fd_sc_hd__or4_1)
                  0.08    0.50    9.47 v _2470_/X (sky130_fd_sc_hd__or4_1)
     1    0.00                           _0253_ (net)
                  0.08    0.00    9.47 v _2471_/D (sky130_fd_sc_hd__or4_1)
                  0.09    0.43    9.90 v _2471_/X (sky130_fd_sc_hd__or4_1)
     1    0.00                           _0254_ (net)
                  0.09    0.00    9.90 v _2472_/D (sky130_fd_sc_hd__or4_1)
                  0.09    0.44   10.34 v _2472_/X (sky130_fd_sc_hd__or4_1)
     1    0.00                           _0255_ (net)
                  0.09    0.00   10.34 v _2494_/B (sky130_fd_sc_hd__or3_1)
                  0.08    0.39   10.73 v _2494_/X (sky130_fd_sc_hd__or3_1)
     2    0.00                           _0277_ (net)
                  0.08    0.00   10.73 v _2495_/C (sky130_fd_sc_hd__nor3_1)
                  0.18    0.16   10.90 ^ _2495_/Y (sky130_fd_sc_hd__nor3_1)
     2    0.00                           _0278_ (net)
                  0.18    0.00   10.90 ^ _3166_/A (sky130_fd_sc_hd__clkbuf_4)
                  0.10    0.23   11.12 ^ _3166_/X (sky130_fd_sc_hd__clkbuf_4)
     6    0.03                           _0949_ (net)
                  0.10    0.00   11.12 ^ _3167_/A (sky130_fd_sc_hd__inv_2)
                  0.03    0.05   11.17 v _3167_/Y (sky130_fd_sc_hd__inv_2)
     2    0.01                           _0950_ (net)
                  0.03    0.00   11.17 v _3168_/A (sky130_fd_sc_hd__buf_2)
                  0.06    0.15   11.32 v _3168_/X (sky130_fd_sc_hd__buf_2)
     6    0.02                           _0951_ (net)
                  0.06    0.00   11.32 v _4442_/A (sky130_fd_sc_hd__or4_1)
                  0.11    0.59   11.91 v _4442_/X (sky130_fd_sc_hd__or4_1)
     1    0.01                           _2216_ (net)
                  0.11    0.00   11.91 v _4443_/A (sky130_fd_sc_hd__buf_8)
                  0.02    0.15   12.06 v _4443_/X (sky130_fd_sc_hd__buf_8)
     1    0.00                           net1034 (net)
                  0.02    0.00   12.06 v output1034/A (sky130_fd_sc_hd__clkbuf_4)
                  0.08    0.18   12.24 v output1034/X (sky130_fd_sc_hd__clkbuf_4)
     1    0.03                           out_code[9] (net)
                  0.08    0.00   12.24 v out_code[9] (out)
                                 12.24   data arrival time

                  0.00   40.00   40.00   clock __VIRTUAL_CLK__ (rise edge)
                          0.00   40.00   clock network delay (ideal)
                         -0.25   39.75   clock uncertainty
                          0.00   39.75   clock reconvergence pessimism
                         -8.00   31.75   output external delay
                                 31.75   data required time
-----------------------------------------------------------------------------
                                 31.75   data required time
                                -12.24   data arrival time
-----------------------------------------------------------------------------
                                 19.51   slack (MET)


Startpoint: in_data[743] (input port clocked by __VIRTUAL_CLK__)
Endpoint: out_code[8] (output port clocked by __VIRTUAL_CLK__)
Path Group: __VIRTUAL_CLK__
Path Type: max

Fanout     Cap    Slew   Delay    Time   Description
-----------------------------------------------------------------------------
                  0.00    0.00    0.00   clock __VIRTUAL_CLK__ (rise edge)
                          0.00    0.00   clock network delay (ideal)
                          8.00    8.00 v input external delay
                  0.02    0.01    8.01 v in_data[743] (in)
     1    0.01                           in_data[743] (net)
                  0.02    0.00    8.01 v input739/A (sky130_fd_sc_hd__buf_8)
                  0.07    0.14    8.16 v input739/X (sky130_fd_sc_hd__buf_8)
     5    0.10                           net739 (net)
                  0.12    0.05    8.20 v _2468_/A (sky130_fd_sc_hd__or4_2)
                  0.13    0.76    8.97 v _2468_/X (sky130_fd_sc_hd__or4_2)
     3    0.01                           _0251_ (net)
                  0.13    0.00    8.97 v _2470_/C (sky130_fd_sc_hd__or4_1)
                  0.08    0.50    9.47 v _2470_/X (sky130_fd_sc_hd__or4_1)
     1    0.00                           _0253_ (net)
                  0.08    0.00    9.47 v _2471_/D (sky130_fd_sc_hd__or4_1)
                  0.09    0.43    9.90 v _2471_/X (sky130_fd_sc_hd__or4_1)
     1    0.00                           _0254_ (net)
                  0.09    0.00    9.90 v _2472_/D (sky130_fd_sc_hd__or4_1)
                  0.09    0.44   10.34 v _2472_/X (sky130_fd_sc_hd__or4_1)
     1    0.00                           _0255_ (net)
                  0.09    0.00   10.34 v _2494_/B (sky130_fd_sc_hd__or3_1)
                  0.08    0.39   10.73 v _2494_/X (sky130_fd_sc_hd__or3_1)
     2    0.00                           _0277_ (net)
                  0.08    0.00   10.73 v _2495_/C (sky130_fd_sc_hd__nor3_1)
                  0.18    0.16   10.90 ^ _2495_/Y (sky130_fd_sc_hd__nor3_1)
     2    0.00                           _0278_ (net)
                  0.18    0.00   10.90 ^ _3166_/A (sky130_fd_sc_hd__clkbuf_4)
                  0.10    0.23   11.12 ^ _3166_/X (sky130_fd_sc_hd__clkbuf_4)
     6    0.03                           _0949_ (net)
                  0.10    0.00   11.12 ^ _3167_/A (sky130_fd_sc_hd__inv_2)
                  0.03    0.05   11.17 v _3167_/Y (sky130_fd_sc_hd__inv_2)
     2    0.01                           _0950_ (net)
                  0.03    0.00   11.17 v _3168_/A (sky130_fd_sc_hd__buf_2)
                  0.06    0.15   11.32 v _3168_/X (sky130_fd_sc_hd__buf_2)
     6    0.02                           _0951_ (net)
                  0.06    0.00   11.32 v _4441_/A1 (sky130_fd_sc_hd__o21ai_4)
                  0.31    0.31   11.63 ^ _4441_/Y (sky130_fd_sc_hd__o21ai_4)
     1    0.04                           net1033 (net)
                  0.31    0.01   11.64 ^ wire1037/A (sky130_fd_sc_hd__buf_6)
                  0.11    0.21   11.86 ^ wire1037/X (sky130_fd_sc_hd__buf_6)
     1    0.05                           net1037 (net)
                  0.11    0.01   11.87 ^ output1033/A (sky130_fd_sc_hd__clkbuf_4)
                  0.11    0.22   12.09 ^ output1033/X (sky130_fd_sc_hd__clkbuf_4)
     1    0.03                           out_code[8] (net)
                  0.11    0.00   12.09 ^ out_code[8] (out)
                                 12.09   data arrival time

                  0.00   40.00   40.00   clock __VIRTUAL_CLK__ (rise edge)
                          0.00   40.00   clock network delay (ideal)
                         -0.25   39.75   clock uncertainty
                          0.00   39.75   clock reconvergence pessimism
                         -8.00   31.75   output external delay
                                 31.75   data required time
-----------------------------------------------------------------------------
                                 31.75   data required time
                                -12.09   data arrival time
-----------------------------------------------------------------------------
                                 19.66   slack (MET)


Startpoint: in_data[961] (input port clocked by __VIRTUAL_CLK__)
Endpoint: valid (output port clocked by __VIRTUAL_CLK__)
Path Group: __VIRTUAL_CLK__
Path Type: max

Fanout     Cap    Slew   Delay    Time   Description
-----------------------------------------------------------------------------
                  0.00    0.00    0.00   clock __VIRTUAL_CLK__ (rise edge)
                          0.00    0.00   clock network delay (ideal)
                          8.00    8.00 v input external delay
                  0.02    0.01    8.01 v in_data[961] (in)
     1    0.01                           in_data[961] (net)
                  0.02    0.00    8.01 v input981/A (sky130_fd_sc_hd__buf_8)
                  0.08    0.15    8.16 v input981/X (sky130_fd_sc_hd__buf_8)
     3    0.11                           net981 (net)
                  0.14    0.06    8.22 v _2559_/B (sky130_fd_sc_hd__or4_1)
                  0.10    0.58    8.80 v _2559_/X (sky130_fd_sc_hd__or4_1)
     2    0.01                           _0342_ (net)
                  0.10    0.00    8.80 v _2560_/D (sky130_fd_sc_hd__or4_2)
                  0.12    0.60    9.40 v _2560_/X (sky130_fd_sc_hd__or4_2)
     4    0.01                           _0343_ (net)
                  0.12    0.00    9.40 v _2563_/B (sky130_fd_sc_hd__or4_1)
                  0.08    0.54    9.94 v _2563_/X (sky130_fd_sc_hd__or4_1)
     1    0.00                           _0346_ (net)
                  0.08    0.00    9.94 v _2564_/D (sky130_fd_sc_hd__or4_1)
                  0.12    0.47   10.42 v _2564_/X (sky130_fd_sc_hd__or4_1)
     2    0.01                           _0347_ (net)
                  0.12    0.00   10.42 v _2587_/A (sky130_fd_sc_hd__or4_1)
                  0.12    0.62   11.04 v _2587_/X (sky130_fd_sc_hd__or4_1)
     2    0.01                           _0370_ (net)
                  0.12    0.00   11.04 v _2588_/C (sky130_fd_sc_hd__nor3_2)
                  0.25    0.23   11.27 ^ _2588_/Y (sky130_fd_sc_hd__nor3_2)
     5    0.01                           _0371_ (net)
                  0.25    0.00   11.27 ^ _2589_/A (sky130_fd_sc_hd__clkbuf_4)
                  0.10    0.26   11.53 ^ _2589_/X (sky130_fd_sc_hd__clkbuf_4)
     6    0.03                           _0372_ (net)
                  0.10    0.00   11.53 ^ _4444_/D (sky130_fd_sc_hd__nand4_4)
                  0.26    0.26   11.79 v _4444_/Y (sky130_fd_sc_hd__nand4_4)
     1    0.06                           net1035 (net)
                  0.26    0.00   11.79 v output1035/A (sky130_fd_sc_hd__buf_2)
                  0.09    0.29   12.08 v output1035/X (sky130_fd_sc_hd__buf_2)
     1    0.03                           valid (net)
                  0.09    0.00   12.08 v valid (out)
                                 12.08   data arrival time

                  0.00   40.00   40.00   clock __VIRTUAL_CLK__ (rise edge)
                          0.00   40.00   clock network delay (ideal)
                         -0.25   39.75   clock uncertainty
                          0.00   39.75   clock reconvergence pessimism
                         -8.00   31.75   output external delay
                                 31.75   data required time
-----------------------------------------------------------------------------
                                 31.75   data required time
                                -12.08   data arrival time
-----------------------------------------------------------------------------
                                 19.67   slack (MET)


Startpoint: in_data[743] (input port clocked by __VIRTUAL_CLK__)
Endpoint: out_code[6] (output port clocked by __VIRTUAL_CLK__)
Path Group: __VIRTUAL_CLK__
Path Type: max

Fanout     Cap    Slew   Delay    Time   Description
-----------------------------------------------------------------------------
                  0.00    0.00    0.00   clock __VIRTUAL_CLK__ (rise edge)
                          0.00    0.00   clock network delay (ideal)
                          8.00    8.00 v input external delay
                  0.02    0.01    8.01 v in_data[743] (in)
     1    0.01                           in_data[743] (net)
                  0.02    0.00    8.01 v input739/A (sky130_fd_sc_hd__buf_8)
                  0.07    0.14    8.16 v input739/X (sky130_fd_sc_hd__buf_8)
     5    0.10                           net739 (net)
                  0.12    0.05    8.20 v _2468_/A (sky130_fd_sc_hd__or4_2)
                  0.13    0.76    8.97 v _2468_/X (sky130_fd_sc_hd__or4_2)
     3    0.01                           _0251_ (net)
                  0.13    0.00    8.97 v _2470_/C (sky130_fd_sc_hd__or4_1)
                  0.08    0.50    9.47 v _2470_/X (sky130_fd_sc_hd__or4_1)
     1    0.00                           _0253_ (net)
                  0.08    0.00    9.47 v _2471_/D (sky130_fd_sc_hd__or4_1)
                  0.09    0.43    9.90 v _2471_/X (sky130_fd_sc_hd__or4_1)
     1    0.00                           _0254_ (net)
                  0.09    0.00    9.90 v _2472_/D (sky130_fd_sc_hd__or4_1)
                  0.09    0.44   10.34 v _2472_/X (sky130_fd_sc_hd__or4_1)
     1    0.00                           _0255_ (net)
                  0.09    0.00   10.34 v _2494_/B (sky130_fd_sc_hd__or3_1)
                  0.08    0.39   10.73 v _2494_/X (sky130_fd_sc_hd__or3_1)
     2    0.00                           _0277_ (net)
                  0.08    0.00   10.73 v _2495_/C (sky130_fd_sc_hd__nor3_1)
                  0.18    0.16   10.90 ^ _2495_/Y (sky130_fd_sc_hd__nor3_1)
     2    0.00                           _0278_ (net)
                  0.18    0.00   10.90 ^ _3166_/A (sky130_fd_sc_hd__clkbuf_4)
                  0.10    0.23   11.12 ^ _3166_/X (sky130_fd_sc_hd__clkbuf_4)
     6    0.03                           _0949_ (net)
                  0.10    0.00   11.12 ^ _3167_/A (sky130_fd_sc_hd__inv_2)
                  0.03    0.05   11.17 v _3167_/Y (sky130_fd_sc_hd__inv_2)
     2    0.01                           _0950_ (net)
                  0.03    0.00   11.17 v _3168_/A (sky130_fd_sc_hd__buf_2)
                  0.06    0.15   11.32 v _3168_/X (sky130_fd_sc_hd__buf_2)
     6    0.02                           _0951_ (net)
                  0.06    0.00   11.32 v _4425_/A1 (sky130_fd_sc_hd__o211a_1)
                  0.05    0.24   11.56 v _4425_/X (sky130_fd_sc_hd__o211a_1)
     1    0.00                           _2202_ (net)
                  0.05    0.00   11.56 v _4426_/C1 (sky130_fd_sc_hd__a311o_4)
                  0.05    0.31   11.87 v _4426_/X (sky130_fd_sc_hd__a311o_4)
     1    0.00                           net1031 (net)
                  0.05    0.00   11.87 v output1031/A (sky130_fd_sc_hd__clkbuf_4)
                  0.08    0.19   12.07 v output1031/X (sky130_fd_sc_hd__clkbuf_4)
     1    0.03                           out_code[6] (net)
                  0.08    0.00   12.07 v out_code[6] (out)
                                 12.07   data arrival time

                  0.00   40.00   40.00   clock __VIRTUAL_CLK__ (rise edge)
                          0.00   40.00   clock network delay (ideal)
                         -0.25   39.75   clock uncertainty
                          0.00   39.75   clock reconvergence pessimism
                         -8.00   31.75   output external delay
                                 31.75   data required time
-----------------------------------------------------------------------------
                                 31.75   data required time
                                -12.07   data arrival time
-----------------------------------------------------------------------------
                                 19.68   slack (MET)



